[0.182s] DEBUG:colcon:Command line arguments: ['/usr/bin/colcon', 'build']
[0.182s] DEBUG:colcon:Parsed command line arguments: Namespace(log_base=None, log_level=None, verb_name='build', build_base='build', install_base='install', merge_install=False, symlink_install=False, test_result_base=None, continue_on_error=False, executor='parallel', parallel_workers=16, event_handlers=None, ignore_user_meta=False, metas=['./colcon.meta'], base_paths=['.'], packages_ignore=None, packages_ignore_regex=None, paths=None, packages_up_to=None, packages_up_to_regex=None, packages_above=None, packages_above_and_dependencies=None, packages_above_depth=None, packages_select_by_dep=None, packages_skip_by_dep=None, packages_skip_up_to=None, packages_select_build_failed=False, packages_skip_build_finished=False, packages_select_test_failures=False, packages_skip_test_passed=False, packages_select=None, packages_skip=None, packages_select_regex=None, packages_skip_regex=None, packages_start=None, packages_end=None, allow_overriding=[], cmake_args=None, cmake_target=None, cmake_target_skip_unavailable=False, cmake_clean_cache=False, cmake_clean_first=False, cmake_force_configure=False, ament_cmake_args=None, catkin_cmake_args=None, catkin_skip_building_tests=False, verb_parser=<colcon_defaults.argument_parser.defaults.DefaultArgumentsDecorator object at 0x78261df0d630>, verb_extension=<colcon_core.verb.build.BuildVerb object at 0x78261df0d0f0>, main=<bound method BuildVerb.main of <colcon_core.verb.build.BuildVerb object at 0x78261df0d0f0>>)
[0.218s] Level 1:colcon.colcon_core.package_discovery:discover_packages(colcon_meta) check parameters
[0.218s] Level 1:colcon.colcon_core.package_discovery:discover_packages(recursive) check parameters
[0.218s] Level 1:colcon.colcon_core.package_discovery:discover_packages(ignore) check parameters
[0.218s] Level 1:colcon.colcon_core.package_discovery:discover_packages(path) check parameters
[0.218s] Level 1:colcon.colcon_core.package_discovery:discover_packages(colcon_meta) discover
[0.219s] Level 1:colcon.colcon_core.package_discovery:discover_packages(recursive) discover
[0.219s] INFO:colcon.colcon_core.package_discovery:Crawling recursively for packages in '/home/pablolube/IROS26-LaRovernetta/ros2_ws_src'
[0.219s] Level 1:colcon.colcon_core.package_identification:_identify(.) by extensions ['ignore', 'ignore_ament_install']
[0.219s] Level 1:colcon.colcon_core.package_identification:_identify(.) by extension 'ignore'
[0.219s] Level 1:colcon.colcon_core.package_identification:_identify(.) by extension 'ignore_ament_install'
[0.219s] Level 1:colcon.colcon_core.package_identification:_identify(.) by extensions ['colcon_pkg']
[0.219s] Level 1:colcon.colcon_core.package_identification:_identify(.) by extension 'colcon_pkg'
[0.219s] Level 1:colcon.colcon_core.package_identification:_identify(.) by extensions ['colcon_meta']
[0.219s] Level 1:colcon.colcon_core.package_identification:_identify(.) by extension 'colcon_meta'
[0.219s] Level 1:colcon.colcon_core.package_identification:_identify(.) by extensions ['ros']
[0.219s] Level 1:colcon.colcon_core.package_identification:_identify(.) by extension 'ros'
[0.233s] Level 1:colcon.colcon_core.package_identification:_identify(.) by extensions ['cmake', 'python']
[0.233s] Level 1:colcon.colcon_core.package_identification:_identify(.) by extension 'cmake'
[0.233s] Level 1:colcon.colcon_core.package_identification:_identify(.) by extension 'python'
[0.233s] Level 1:colcon.colcon_core.package_identification:_identify(.) by extensions ['python_setup_py']
[0.233s] Level 1:colcon.colcon_core.package_identification:_identify(.) by extension 'python_setup_py'
[0.233s] Level 1:colcon.colcon_core.package_identification:_identify(build) by extensions ['ignore', 'ignore_ament_install']
[0.233s] Level 1:colcon.colcon_core.package_identification:_identify(build) by extension 'ignore'
[0.233s] Level 1:colcon.colcon_core.package_identification:_identify(build) ignored
[0.233s] Level 1:colcon.colcon_core.package_identification:_identify(earth_rovers_sdk) by extensions ['ignore', 'ignore_ament_install']
[0.233s] Level 1:colcon.colcon_core.package_identification:_identify(earth_rovers_sdk) by extension 'ignore'
[0.233s] Level 1:colcon.colcon_core.package_identification:_identify(earth_rovers_sdk) by extension 'ignore_ament_install'
[0.234s] Level 1:colcon.colcon_core.package_identification:_identify(earth_rovers_sdk) by extensions ['colcon_pkg']
[0.234s] Level 1:colcon.colcon_core.package_identification:_identify(earth_rovers_sdk) by extension 'colcon_pkg'
[0.234s] Level 1:colcon.colcon_core.package_identification:_identify(earth_rovers_sdk) by extensions ['colcon_meta']
[0.234s] Level 1:colcon.colcon_core.package_identification:_identify(earth_rovers_sdk) by extension 'colcon_meta'
[0.234s] Level 1:colcon.colcon_core.package_identification:_identify(earth_rovers_sdk) by extensions ['ros']
[0.234s] Level 1:colcon.colcon_core.package_identification:_identify(earth_rovers_sdk) by extension 'ros'
[0.236s] DEBUG:colcon.colcon_core.package_identification:Package 'earth_rovers_sdk' with type 'ros.ament_python' and name 'earth_rovers_sdk'
[0.236s] Level 1:colcon.colcon_core.package_identification:_identify(er_bringup) by extensions ['ignore', 'ignore_ament_install']
[0.236s] Level 1:colcon.colcon_core.package_identification:_identify(er_bringup) by extension 'ignore'
[0.236s] Level 1:colcon.colcon_core.package_identification:_identify(er_bringup) by extension 'ignore_ament_install'
[0.236s] Level 1:colcon.colcon_core.package_identification:_identify(er_bringup) by extensions ['colcon_pkg']
[0.236s] Level 1:colcon.colcon_core.package_identification:_identify(er_bringup) by extension 'colcon_pkg'
[0.236s] Level 1:colcon.colcon_core.package_identification:_identify(er_bringup) by extensions ['colcon_meta']
[0.236s] Level 1:colcon.colcon_core.package_identification:_identify(er_bringup) by extension 'colcon_meta'
[0.236s] Level 1:colcon.colcon_core.package_identification:_identify(er_bringup) by extensions ['ros']
[0.236s] Level 1:colcon.colcon_core.package_identification:_identify(er_bringup) by extension 'ros'
[0.237s] DEBUG:colcon.colcon_core.package_identification:Package 'er_bringup' with type 'ros.ament_python' and name 'er_bringup'
[0.237s] Level 1:colcon.colcon_core.package_identification:_identify(install) by extensions ['ignore', 'ignore_ament_install']
[0.237s] Level 1:colcon.colcon_core.package_identification:_identify(install) by extension 'ignore'
[0.237s] Level 1:colcon.colcon_core.package_identification:_identify(install) ignored
[0.237s] Level 1:colcon.colcon_core.package_identification:_identify(log) by extensions ['ignore', 'ignore_ament_install']
[0.237s] Level 1:colcon.colcon_core.package_identification:_identify(log) by extension 'ignore'
[0.237s] Level 1:colcon.colcon_core.package_identification:_identify(log) ignored
[0.237s] Level 1:colcon.colcon_core.package_identification:_identify(mini_plus_localization) by extensions ['ignore', 'ignore_ament_install']
[0.237s] Level 1:colcon.colcon_core.package_identification:_identify(mini_plus_localization) by extension 'ignore'
[0.237s] Level 1:colcon.colcon_core.package_identification:_identify(mini_plus_localization) by extension 'ignore_ament_install'
[0.237s] Level 1:colcon.colcon_core.package_identification:_identify(mini_plus_localization) by extensions ['colcon_pkg']
[0.237s] Level 1:colcon.colcon_core.package_identification:_identify(mini_plus_localization) by extension 'colcon_pkg'
[0.237s] Level 1:colcon.colcon_core.package_identification:_identify(mini_plus_localization) by extensions ['colcon_meta']
[0.237s] Level 1:colcon.colcon_core.package_identification:_identify(mini_plus_localization) by extension 'colcon_meta'
[0.237s] Level 1:colcon.colcon_core.package_identification:_identify(mini_plus_localization) by extensions ['ros']
[0.237s] Level 1:colcon.colcon_core.package_identification:_identify(mini_plus_localization) by extension 'ros'
[0.238s] DEBUG:colcon.colcon_core.package_identification:Package 'mini_plus_localization' with type 'ros.ament_cmake' and name 'mini_plus_localization'
[0.238s] Level 1:colcon.colcon_core.package_discovery:discover_packages(recursive) using defaults
[0.238s] Level 1:colcon.colcon_core.package_discovery:discover_packages(ignore) discover
[0.238s] Level 1:colcon.colcon_core.package_discovery:discover_packages(ignore) using defaults
[0.238s] Level 1:colcon.colcon_core.package_discovery:discover_packages(path) discover
[0.238s] Level 1:colcon.colcon_core.package_discovery:discover_packages(path) using defaults
[0.256s] Level 1:colcon.colcon_core.package_discovery:discover_packages(prefix_path) check parameters
[0.256s] Level 1:colcon.colcon_core.package_discovery:discover_packages(prefix_path) discover
[0.258s] DEBUG:colcon.colcon_installed_package_information.package_discovery:Found 352 installed packages in /opt/ros/humble
[0.260s] Level 1:colcon.colcon_core.package_discovery:discover_packages(prefix_path) using defaults
[0.313s] Level 5:colcon.colcon_core.verb:set package 'earth_rovers_sdk' build argument 'cmake_args' from command line to 'None'
[0.313s] Level 5:colcon.colcon_core.verb:set package 'earth_rovers_sdk' build argument 'cmake_target' from command line to 'None'
[0.313s] Level 5:colcon.colcon_core.verb:set package 'earth_rovers_sdk' build argument 'cmake_target_skip_unavailable' from command line to 'False'
[0.313s] Level 5:colcon.colcon_core.verb:set package 'earth_rovers_sdk' build argument 'cmake_clean_cache' from command line to 'False'
[0.313s] Level 5:colcon.colcon_core.verb:set package 'earth_rovers_sdk' build argument 'cmake_clean_first' from command line to 'False'
[0.313s] Level 5:colcon.colcon_core.verb:set package 'earth_rovers_sdk' build argument 'cmake_force_configure' from command line to 'False'
[0.313s] Level 5:colcon.colcon_core.verb:set package 'earth_rovers_sdk' build argument 'ament_cmake_args' from command line to 'None'
[0.313s] Level 5:colcon.colcon_core.verb:set package 'earth_rovers_sdk' build argument 'catkin_cmake_args' from command line to 'None'
[0.313s] Level 5:colcon.colcon_core.verb:set package 'earth_rovers_sdk' build argument 'catkin_skip_building_tests' from command line to 'False'
[0.313s] DEBUG:colcon.colcon_core.verb:Building package 'earth_rovers_sdk' with the following arguments: {'ament_cmake_args': None, 'build_base': '/home/pablolube/IROS26-LaRovernetta/ros2_ws_src/build/earth_rovers_sdk', 'catkin_cmake_args': None, 'catkin_skip_building_tests': False, 'cmake_args': None, 'cmake_clean_cache': False, 'cmake_clean_first': False, 'cmake_force_configure': False, 'cmake_target': None, 'cmake_target_skip_unavailable': False, 'install_base': '/home/pablolube/IROS26-LaRovernetta/ros2_ws_src/install/earth_rovers_sdk', 'merge_install': False, 'path': '/home/pablolube/IROS26-LaRovernetta/ros2_ws_src/earth_rovers_sdk', 'symlink_install': False, 'test_result_base': None}
[0.313s] Level 5:colcon.colcon_core.verb:set package 'er_bringup' build argument 'cmake_args' from command line to 'None'
[0.313s] Level 5:colcon.colcon_core.verb:set package 'er_bringup' build argument 'cmake_target' from command line to 'None'
[0.313s] Level 5:colcon.colcon_core.verb:set package 'er_bringup' build argument 'cmake_target_skip_unavailable' from command line to 'False'
[0.313s] Level 5:colcon.colcon_core.verb:set package 'er_bringup' build argument 'cmake_clean_cache' from command line to 'False'
[0.313s] Level 5:colcon.colcon_core.verb:set package 'er_bringup' build argument 'cmake_clean_first' from command line to 'False'
[0.313s] Level 5:colcon.colcon_core.verb:set package 'er_bringup' build argument 'cmake_force_configure' from command line to 'False'
[0.313s] Level 5:colcon.colcon_core.verb:set package 'er_bringup' build argument 'ament_cmake_args' from command line to 'None'
[0.313s] Level 5:colcon.colcon_core.verb:set package 'er_bringup' build argument 'catkin_cmake_args' from command line to 'None'
[0.313s] Level 5:colcon.colcon_core.verb:set package 'er_bringup' build argument 'catkin_skip_building_tests' from command line to 'False'
[0.313s] DEBUG:colcon.colcon_core.verb:Building package 'er_bringup' with the following arguments: {'ament_cmake_args': None, 'build_base': '/home/pablolube/IROS26-LaRovernetta/ros2_ws_src/build/er_bringup', 'catkin_cmake_args': None, 'catkin_skip_building_tests': False, 'cmake_args': None, 'cmake_clean_cache': False, 'cmake_clean_first': False, 'cmake_force_configure': False, 'cmake_target': None, 'cmake_target_skip_unavailable': False, 'install_base': '/home/pablolube/IROS26-LaRovernetta/ros2_ws_src/install/er_bringup', 'merge_install': False, 'path': '/home/pablolube/IROS26-LaRovernetta/ros2_ws_src/er_bringup', 'symlink_install': False, 'test_result_base': None}
[0.314s] Level 5:colcon.colcon_core.verb:set package 'mini_plus_localization' build argument 'cmake_args' from command line to 'None'
[0.314s] Level 5:colcon.colcon_core.verb:set package 'mini_plus_localization' build argument 'cmake_target' from command line to 'None'
[0.314s] Level 5:colcon.colcon_core.verb:set package 'mini_plus_localization' build argument 'cmake_target_skip_unavailable' from command line to 'False'
[0.314s] Level 5:colcon.colcon_core.verb:set package 'mini_plus_localization' build argument 'cmake_clean_cache' from command line to 'False'
[0.314s] Level 5:colcon.colcon_core.verb:set package 'mini_plus_localization' build argument 'cmake_clean_first' from command line to 'False'
[0.314s] Level 5:colcon.colcon_core.verb:set package 'mini_plus_localization' build argument 'cmake_force_configure' from command line to 'False'
[0.314s] Level 5:colcon.colcon_core.verb:set package 'mini_plus_localization' build argument 'ament_cmake_args' from command line to 'None'
[0.314s] Level 5:colcon.colcon_core.verb:set package 'mini_plus_localization' build argument 'catkin_cmake_args' from command line to 'None'
[0.314s] Level 5:colcon.colcon_core.verb:set package 'mini_plus_localization' build argument 'catkin_skip_building_tests' from command line to 'False'
[0.314s] DEBUG:colcon.colcon_core.verb:Building package 'mini_plus_localization' with the following arguments: {'ament_cmake_args': None, 'build_base': '/home/pablolube/IROS26-LaRovernetta/ros2_ws_src/build/mini_plus_localization', 'catkin_cmake_args': None, 'catkin_skip_building_tests': False, 'cmake_args': None, 'cmake_clean_cache': False, 'cmake_clean_first': False, 'cmake_force_configure': False, 'cmake_target': None, 'cmake_target_skip_unavailable': False, 'install_base': '/home/pablolube/IROS26-LaRovernetta/ros2_ws_src/install/mini_plus_localization', 'merge_install': False, 'path': '/home/pablolube/IROS26-LaRovernetta/ros2_ws_src/mini_plus_localization', 'symlink_install': False, 'test_result_base': None}
[0.314s] INFO:colcon.colcon_core.executor:Executing jobs using 'parallel' executor
[0.315s] DEBUG:colcon.colcon_parallel_executor.executor.parallel:run_until_complete
[0.315s] INFO:colcon.colcon_ros.task.ament_python.build:Building ROS package in '/home/pablolube/IROS26-LaRovernetta/ros2_ws_src/earth_rovers_sdk' with build type 'ament_python'
[0.315s] Level 1:colcon.colcon_core.shell:create_environment_hook('earth_rovers_sdk', 'ament_prefix_path')
[0.319s] INFO:colcon.colcon_core.plugin_system:Skipping extension 'colcon_core.shell.bat': Not used on non-Windows systems
[0.319s] INFO:colcon.colcon_core.shell:Creating environment hook '/home/pablolube/IROS26-LaRovernetta/ros2_ws_src/install/earth_rovers_sdk/share/earth_rovers_sdk/hook/ament_prefix_path.ps1'
[0.322s] INFO:colcon.colcon_core.shell:Creating environment descriptor '/home/pablolube/IROS26-LaRovernetta/ros2_ws_src/install/earth_rovers_sdk/share/earth_rovers_sdk/hook/ament_prefix_path.dsv'
[0.323s] INFO:colcon.colcon_core.shell:Creating environment hook '/home/pablolube/IROS26-LaRovernetta/ros2_ws_src/install/earth_rovers_sdk/share/earth_rovers_sdk/hook/ament_prefix_path.sh'
[0.324s] INFO:colcon.colcon_core.shell:Skip shell extension 'powershell' for command environment: Not usable outside of PowerShell
[0.324s] DEBUG:colcon.colcon_core.shell:Skip shell extension 'dsv' for command environment
[0.329s] INFO:colcon.colcon_ros.task.ament_python.build:Building ROS package in '/home/pablolube/IROS26-LaRovernetta/ros2_ws_src/er_bringup' with build type 'ament_python'
[0.330s] Level 1:colcon.colcon_core.shell:create_environment_hook('er_bringup', 'ament_prefix_path')
[0.330s] INFO:colcon.colcon_core.shell:Creating environment hook '/home/pablolube/IROS26-LaRovernetta/ros2_ws_src/install/er_bringup/share/er_bringup/hook/ament_prefix_path.ps1'
[0.334s] INFO:colcon.colcon_core.shell:Creating environment descriptor '/home/pablolube/IROS26-LaRovernetta/ros2_ws_src/install/er_bringup/share/er_bringup/hook/ament_prefix_path.dsv'
[0.334s] INFO:colcon.colcon_core.shell:Creating environment hook '/home/pablolube/IROS26-LaRovernetta/ros2_ws_src/install/er_bringup/share/er_bringup/hook/ament_prefix_path.sh'
[0.335s] INFO:colcon.colcon_core.shell:Skip shell extension 'powershell' for command environment: Not usable outside of PowerShell
[0.335s] DEBUG:colcon.colcon_core.shell:Skip shell extension 'dsv' for command environment
[0.340s] INFO:colcon.colcon_ros.task.ament_cmake.build:Building ROS package in '/home/pablolube/IROS26-LaRovernetta/ros2_ws_src/mini_plus_localization' with build type 'ament_cmake'
[0.340s] INFO:colcon.colcon_cmake.task.cmake.build:Building CMake package in '/home/pablolube/IROS26-LaRovernetta/ros2_ws_src/mini_plus_localization'
[0.341s] INFO:colcon.colcon_core.shell:Skip shell extension 'powershell' for command environment: Not usable outside of PowerShell
[0.341s] DEBUG:colcon.colcon_core.shell:Skip shell extension 'dsv' for command environment
[0.577s] INFO:colcon.colcon_core.task.python.build:Building Python package in '/home/pablolube/IROS26-LaRovernetta/ros2_ws_src/earth_rovers_sdk'
[0.577s] INFO:colcon.colcon_core.shell:Skip shell extension 'powershell' for command environment: Not usable outside of PowerShell
[0.577s] DEBUG:colcon.colcon_core.shell:Skip shell extension 'dsv' for command environment
[0.794s] INFO:colcon.colcon_core.task.python.build:Building Python package in '/home/pablolube/IROS26-LaRovernetta/ros2_ws_src/er_bringup'
[0.794s] INFO:colcon.colcon_core.shell:Skip shell extension 'powershell' for command environment: Not usable outside of PowerShell
[0.794s] DEBUG:colcon.colcon_core.shell:Skip shell extension 'dsv' for command environment
[0.803s] DEBUG:colcon.colcon_core.event_handler.log_command:Invoking command in '/home/pablolube/IROS26-LaRovernetta/ros2_ws_src/build/mini_plus_localization': CMAKE_PREFIX_PATH=/opt/ros/humble /usr/bin/cmake /home/pablolube/IROS26-LaRovernetta/ros2_ws_src/mini_plus_localization -DCMAKE_INSTALL_PREFIX=/home/pablolube/IROS26-LaRovernetta/ros2_ws_src/install/mini_plus_localization
[1.395s] DEBUG:colcon.colcon_core.task.python.build:Available setuptools commands: easy_install, extract_messages, build_ext, install, install_data, alias, bdist, rotate, develop, symlink_data, install_scripts, sdist, saveopts, compile_catalog, init_catalog, bdist_dumb, check, build_clib, setopt, bdist_wheel, install_lib, bdist_rpm, update_catalog, build_scripts, build_py, upload_docs, editable_wheel, install_headers, build, test, egg_info, install_egg_info, clean, register, dist_info, upload, bdist_egg
[1.398s] DEBUG:colcon.colcon_core.event_handler.log_command:Invoking command in '/home/pablolube/IROS26-LaRovernetta/ros2_ws_src/er_bringup': PYTHONPATH=/home/pablolube/IROS26-LaRovernetta/ros2_ws_src/build/er_bringup/prefix_override:/usr/lib/python3/dist-packages/colcon_core/task/python/colcon_distutils_commands:/home/pablolube/IROS26-LaRovernetta/ros2_ws_src/install/er_bringup/lib/python3.10/site-packages:${PYTHONPATH} /usr/bin/python3 -W ignore:setup.py install is deprecated -W ignore:easy_install command is deprecated setup.py egg_info --egg-base ../build/er_bringup build --build-base /home/pablolube/IROS26-LaRovernetta/ros2_ws_src/build/er_bringup/build install --record /home/pablolube/IROS26-LaRovernetta/ros2_ws_src/build/er_bringup/install.log --install-scripts $base/lib/er_bringup --single-version-externally-managed install_data
[1.410s] DEBUG:colcon.colcon_core.task.python.build:Available setuptools commands: easy_install, extract_messages, build_ext, install, install_data, alias, bdist, rotate, develop, symlink_data, install_scripts, sdist, saveopts, compile_catalog, init_catalog, bdist_dumb, check, build_clib, setopt, bdist_wheel, install_lib, bdist_rpm, update_catalog, build_scripts, build_py, upload_docs, editable_wheel, install_headers, build, test, egg_info, install_egg_info, clean, register, dist_info, upload, bdist_egg
[1.413s] DEBUG:colcon.colcon_core.event_handler.log_command:Invoking command in '/home/pablolube/IROS26-LaRovernetta/ros2_ws_src/earth_rovers_sdk': PYTHONPATH=/home/pablolube/IROS26-LaRovernetta/ros2_ws_src/build/earth_rovers_sdk/prefix_override:/usr/lib/python3/dist-packages/colcon_core/task/python/colcon_distutils_commands:/home/pablolube/IROS26-LaRovernetta/ros2_ws_src/install/earth_rovers_sdk/lib/python3.10/site-packages:${PYTHONPATH} /usr/bin/python3 -W ignore:setup.py install is deprecated -W ignore:easy_install command is deprecated setup.py egg_info --egg-base ../build/earth_rovers_sdk build --build-base /home/pablolube/IROS26-LaRovernetta/ros2_ws_src/build/earth_rovers_sdk/build install --record /home/pablolube/IROS26-LaRovernetta/ros2_ws_src/build/earth_rovers_sdk/install.log --install-scripts $base/lib/earth_rovers_sdk --single-version-externally-managed install_data
[1.915s] DEBUG:colcon.colcon_core.event_handler.log_command:Invoked command in '/home/pablolube/IROS26-LaRovernetta/ros2_ws_src/er_bringup' returned '0': PYTHONPATH=/home/pablolube/IROS26-LaRovernetta/ros2_ws_src/build/er_bringup/prefix_override:/usr/lib/python3/dist-packages/colcon_core/task/python/colcon_distutils_commands:/home/pablolube/IROS26-LaRovernetta/ros2_ws_src/install/er_bringup/lib/python3.10/site-packages:${PYTHONPATH} /usr/bin/python3 -W ignore:setup.py install is deprecated -W ignore:easy_install command is deprecated setup.py egg_info --egg-base ../build/er_bringup build --build-base /home/pablolube/IROS26-LaRovernetta/ros2_ws_src/build/er_bringup/build install --record /home/pablolube/IROS26-LaRovernetta/ros2_ws_src/build/er_bringup/install.log --install-scripts $base/lib/er_bringup --single-version-externally-managed install_data
[1.917s] Level 1:colcon.colcon_core.environment:checking '/home/pablolube/IROS26-LaRovernetta/ros2_ws_src/install/er_bringup' for CMake module files
[1.918s] Level 1:colcon.colcon_core.environment:checking '/home/pablolube/IROS26-LaRovernetta/ros2_ws_src/install/er_bringup' for CMake config files
[1.919s] Level 1:colcon.colcon_core.environment:checking '/home/pablolube/IROS26-LaRovernetta/ros2_ws_src/install/er_bringup/lib'
[1.919s] Level 1:colcon.colcon_core.environment:checking '/home/pablolube/IROS26-LaRovernetta/ros2_ws_src/install/er_bringup/bin'
[1.919s] Level 1:colcon.colcon_core.environment:checking '/home/pablolube/IROS26-LaRovernetta/ros2_ws_src/install/er_bringup/lib/pkgconfig/er_bringup.pc'
[1.919s] Level 1:colcon.colcon_core.environment:checking '/home/pablolube/IROS26-LaRovernetta/ros2_ws_src/install/er_bringup/lib/python3.10/site-packages'
[1.919s] Level 1:colcon.colcon_core.shell:create_environment_hook('er_bringup', 'pythonpath')
[1.919s] INFO:colcon.colcon_core.shell:Creating environment hook '/home/pablolube/IROS26-LaRovernetta/ros2_ws_src/install/er_bringup/share/er_bringup/hook/pythonpath.ps1'
[1.920s] INFO:colcon.colcon_core.shell:Creating environment descriptor '/home/pablolube/IROS26-LaRovernetta/ros2_ws_src/install/er_bringup/share/er_bringup/hook/pythonpath.dsv'
[1.920s] INFO:colcon.colcon_core.shell:Creating environment hook '/home/pablolube/IROS26-LaRovernetta/ros2_ws_src/install/er_bringup/share/er_bringup/hook/pythonpath.sh'
[1.921s] Level 1:colcon.colcon_core.environment:checking '/home/pablolube/IROS26-LaRovernetta/ros2_ws_src/install/er_bringup/bin'
[1.921s] Level 1:colcon.colcon_core.environment:create_environment_scripts_only(er_bringup)
[1.921s] INFO:colcon.colcon_core.shell:Creating package script '/home/pablolube/IROS26-LaRovernetta/ros2_ws_src/install/er_bringup/share/er_bringup/package.ps1'
[1.922s] INFO:colcon.colcon_core.shell:Creating package descriptor '/home/pablolube/IROS26-LaRovernetta/ros2_ws_src/install/er_bringup/share/er_bringup/package.dsv'
[1.922s] INFO:colcon.colcon_core.shell:Creating package script '/home/pablolube/IROS26-LaRovernetta/ros2_ws_src/install/er_bringup/share/er_bringup/package.sh'
[1.923s] INFO:colcon.colcon_core.shell:Creating package script '/home/pablolube/IROS26-LaRovernetta/ros2_ws_src/install/er_bringup/share/er_bringup/package.bash'
[1.923s] INFO:colcon.colcon_core.shell:Creating package script '/home/pablolube/IROS26-LaRovernetta/ros2_ws_src/install/er_bringup/share/er_bringup/package.zsh'
[1.924s] Level 1:colcon.colcon_core.environment:create_file_with_runtime_dependencies(/home/pablolube/IROS26-LaRovernetta/ros2_ws_src/install/er_bringup/share/colcon-core/packages/er_bringup)
[1.950s] Level 1:colcon.colcon_core.environment:checking '/home/pablolube/IROS26-LaRovernetta/ros2_ws_src/install/earth_rovers_sdk' for CMake module files
[1.950s] DEBUG:colcon.colcon_core.event_handler.log_command:Invoked command in '/home/pablolube/IROS26-LaRovernetta/ros2_ws_src/earth_rovers_sdk' returned '0': PYTHONPATH=/home/pablolube/IROS26-LaRovernetta/ros2_ws_src/build/earth_rovers_sdk/prefix_override:/usr/lib/python3/dist-packages/colcon_core/task/python/colcon_distutils_commands:/home/pablolube/IROS26-LaRovernetta/ros2_ws_src/install/earth_rovers_sdk/lib/python3.10/site-packages:${PYTHONPATH} /usr/bin/python3 -W ignore:setup.py install is deprecated -W ignore:easy_install command is deprecated setup.py egg_info --egg-base ../build/earth_rovers_sdk build --build-base /home/pablolube/IROS26-LaRovernetta/ros2_ws_src/build/earth_rovers_sdk/build install --record /home/pablolube/IROS26-LaRovernetta/ros2_ws_src/build/earth_rovers_sdk/install.log --install-scripts $base/lib/earth_rovers_sdk --single-version-externally-managed install_data
[1.951s] Level 1:colcon.colcon_core.environment:checking '/home/pablolube/IROS26-LaRovernetta/ros2_ws_src/install/earth_rovers_sdk' for CMake config files
[1.951s] Level 1:colcon.colcon_core.environment:checking '/home/pablolube/IROS26-LaRovernetta/ros2_ws_src/install/earth_rovers_sdk/lib'
[1.951s] Level 1:colcon.colcon_core.environment:checking '/home/pablolube/IROS26-LaRovernetta/ros2_ws_src/install/earth_rovers_sdk/bin'
[1.951s] Level 1:colcon.colcon_core.environment:checking '/home/pablolube/IROS26-LaRovernetta/ros2_ws_src/install/earth_rovers_sdk/lib/pkgconfig/earth_rovers_sdk.pc'
[1.952s] Level 1:colcon.colcon_core.environment:checking '/home/pablolube/IROS26-LaRovernetta/ros2_ws_src/install/earth_rovers_sdk/lib/python3.10/site-packages'
[1.952s] Level 1:colcon.colcon_core.shell:create_environment_hook('earth_rovers_sdk', 'pythonpath')
[1.952s] INFO:colcon.colcon_core.shell:Creating environment hook '/home/pablolube/IROS26-LaRovernetta/ros2_ws_src/install/earth_rovers_sdk/share/earth_rovers_sdk/hook/pythonpath.ps1'
[1.952s] INFO:colcon.colcon_core.shell:Creating environment descriptor '/home/pablolube/IROS26-LaRovernetta/ros2_ws_src/install/earth_rovers_sdk/share/earth_rovers_sdk/hook/pythonpath.dsv'
[1.953s] INFO:colcon.colcon_core.shell:Creating environment hook '/home/pablolube/IROS26-LaRovernetta/ros2_ws_src/install/earth_rovers_sdk/share/earth_rovers_sdk/hook/pythonpath.sh'
[1.953s] Level 1:colcon.colcon_core.environment:checking '/home/pablolube/IROS26-LaRovernetta/ros2_ws_src/install/earth_rovers_sdk/bin'
[1.953s] Level 1:colcon.colcon_core.environment:create_environment_scripts_only(earth_rovers_sdk)
[1.953s] INFO:colcon.colcon_core.shell:Creating package script '/home/pablolube/IROS26-LaRovernetta/ros2_ws_src/install/earth_rovers_sdk/share/earth_rovers_sdk/package.ps1'
[1.954s] INFO:colcon.colcon_core.shell:Creating package descriptor '/home/pablolube/IROS26-LaRovernetta/ros2_ws_src/install/earth_rovers_sdk/share/earth_rovers_sdk/package.dsv'
[1.954s] INFO:colcon.colcon_core.shell:Creating package script '/home/pablolube/IROS26-LaRovernetta/ros2_ws_src/install/earth_rovers_sdk/share/earth_rovers_sdk/package.sh'
[1.954s] INFO:colcon.colcon_core.shell:Creating package script '/home/pablolube/IROS26-LaRovernetta/ros2_ws_src/install/earth_rovers_sdk/share/earth_rovers_sdk/package.bash'
[1.955s] INFO:colcon.colcon_core.shell:Creating package script '/home/pablolube/IROS26-LaRovernetta/ros2_ws_src/install/earth_rovers_sdk/share/earth_rovers_sdk/package.zsh'
[1.955s] Level 1:colcon.colcon_core.environment:create_file_with_runtime_dependencies(/home/pablolube/IROS26-LaRovernetta/ros2_ws_src/install/earth_rovers_sdk/share/colcon-core/packages/earth_rovers_sdk)
[2.672s] DEBUG:colcon.colcon_core.event_handler.log_command:Invoked command in '/home/pablolube/IROS26-LaRovernetta/ros2_ws_src/build/mini_plus_localization' returned '0': CMAKE_PREFIX_PATH=/opt/ros/humble /usr/bin/cmake /home/pablolube/IROS26-LaRovernetta/ros2_ws_src/mini_plus_localization -DCMAKE_INSTALL_PREFIX=/home/pablolube/IROS26-LaRovernetta/ros2_ws_src/install/mini_plus_localization
[2.673s] DEBUG:colcon.colcon_core.event_handler.log_command:Invoking command in '/home/pablolube/IROS26-LaRovernetta/ros2_ws_src/build/mini_plus_localization': CMAKE_PREFIX_PATH=/opt/ros/humble /usr/bin/cmake --build /home/pablolube/IROS26-LaRovernetta/ros2_ws_src/build/mini_plus_localization -- -j16 -l16
[2.710s] DEBUG:colcon.colcon_core.event_handler.log_command:Invoked command in '/home/pablolube/IROS26-LaRovernetta/ros2_ws_src/build/mini_plus_localization' returned '0': CMAKE_PREFIX_PATH=/opt/ros/humble /usr/bin/cmake --build /home/pablolube/IROS26-LaRovernetta/ros2_ws_src/build/mini_plus_localization -- -j16 -l16
[2.719s] DEBUG:colcon.colcon_core.event_handler.log_command:Invoking command in '/home/pablolube/IROS26-LaRovernetta/ros2_ws_src/build/mini_plus_localization': CMAKE_PREFIX_PATH=/opt/ros/humble /usr/bin/cmake --install /home/pablolube/IROS26-LaRovernetta/ros2_ws_src/build/mini_plus_localization
[2.739s] Level 1:colcon.colcon_core.environment:create_environment_scripts_only(mini_plus_localization)
[2.739s] DEBUG:colcon.colcon_core.event_handler.log_command:Invoked command in '/home/pablolube/IROS26-LaRovernetta/ros2_ws_src/build/mini_plus_localization' returned '0': CMAKE_PREFIX_PATH=/opt/ros/humble /usr/bin/cmake --install /home/pablolube/IROS26-LaRovernetta/ros2_ws_src/build/mini_plus_localization
[2.740s] Level 1:colcon.colcon_core.environment:checking '/home/pablolube/IROS26-LaRovernetta/ros2_ws_src/install/mini_plus_localization' for CMake module files
[2.740s] Level 1:colcon.colcon_core.environment:checking '/home/pablolube/IROS26-LaRovernetta/ros2_ws_src/install/mini_plus_localization' for CMake config files
[2.741s] Level 1:colcon.colcon_core.shell:create_environment_hook('mini_plus_localization', 'cmake_prefix_path')
[2.741s] INFO:colcon.colcon_core.shell:Creating environment hook '/home/pablolube/IROS26-LaRovernetta/ros2_ws_src/install/mini_plus_localization/share/mini_plus_localization/hook/cmake_prefix_path.ps1'
[2.742s] INFO:colcon.colcon_core.shell:Creating environment descriptor '/home/pablolube/IROS26-LaRovernetta/ros2_ws_src/install/mini_plus_localization/share/mini_plus_localization/hook/cmake_prefix_path.dsv'
[2.742s] INFO:colcon.colcon_core.shell:Creating environment hook '/home/pablolube/IROS26-LaRovernetta/ros2_ws_src/install/mini_plus_localization/share/mini_plus_localization/hook/cmake_prefix_path.sh'
[2.742s] Level 1:colcon.colcon_core.environment:checking '/home/pablolube/IROS26-LaRovernetta/ros2_ws_src/install/mini_plus_localization/lib'
[2.742s] Level 1:colcon.colcon_core.environment:checking '/home/pablolube/IROS26-LaRovernetta/ros2_ws_src/install/mini_plus_localization/bin'
[2.742s] Level 1:colcon.colcon_core.environment:checking '/home/pablolube/IROS26-LaRovernetta/ros2_ws_src/install/mini_plus_localization/lib/pkgconfig/mini_plus_localization.pc'
[2.743s] Level 1:colcon.colcon_core.environment:checking '/home/pablolube/IROS26-LaRovernetta/ros2_ws_src/install/mini_plus_localization/lib/python3.10/site-packages'
[2.743s] Level 1:colcon.colcon_core.environment:checking '/home/pablolube/IROS26-LaRovernetta/ros2_ws_src/install/mini_plus_localization/bin'
[2.743s] INFO:colcon.colcon_core.shell:Creating package script '/home/pablolube/IROS26-LaRovernetta/ros2_ws_src/install/mini_plus_localization/share/mini_plus_localization/package.ps1'
[2.743s] INFO:colcon.colcon_core.shell:Creating package descriptor '/home/pablolube/IROS26-LaRovernetta/ros2_ws_src/install/mini_plus_localization/share/mini_plus_localization/package.dsv'
[2.744s] INFO:colcon.colcon_core.shell:Creating package script '/home/pablolube/IROS26-LaRovernetta/ros2_ws_src/install/mini_plus_localization/share/mini_plus_localization/package.sh'
[2.744s] INFO:colcon.colcon_core.shell:Creating package script '/home/pablolube/IROS26-LaRovernetta/ros2_ws_src/install/mini_plus_localization/share/mini_plus_localization/package.bash'
[2.745s] INFO:colcon.colcon_core.shell:Creating package script '/home/pablolube/IROS26-LaRovernetta/ros2_ws_src/install/mini_plus_localization/share/mini_plus_localization/package.zsh'
[2.745s] Level 1:colcon.colcon_core.environment:create_file_with_runtime_dependencies(/home/pablolube/IROS26-LaRovernetta/ros2_ws_src/install/mini_plus_localization/share/colcon-core/packages/mini_plus_localization)
[2.746s] Level 1:colcon.colcon_core.environment:create_environment_scripts_only(mini_plus_localization)
[2.747s] Level 1:colcon.colcon_core.environment:checking '/home/pablolube/IROS26-LaRovernetta/ros2_ws_src/install/mini_plus_localization' for CMake module files
[2.747s] Level 1:colcon.colcon_core.environment:checking '/home/pablolube/IROS26-LaRovernetta/ros2_ws_src/install/mini_plus_localization' for CMake config files
[2.747s] Level 1:colcon.colcon_core.shell:create_environment_hook('mini_plus_localization', 'cmake_prefix_path')
[2.747s] INFO:colcon.colcon_core.shell:Creating environment hook '/home/pablolube/IROS26-LaRovernetta/ros2_ws_src/install/mini_plus_localization/share/mini_plus_localization/hook/cmake_prefix_path.ps1'
[2.748s] INFO:colcon.colcon_core.shell:Creating environment descriptor '/home/pablolube/IROS26-LaRovernetta/ros2_ws_src/install/mini_plus_localization/share/mini_plus_localization/hook/cmake_prefix_path.dsv'
[2.749s] INFO:colcon.colcon_core.shell:Creating environment hook '/home/pablolube/IROS26-LaRovernetta/ros2_ws_src/install/mini_plus_localization/share/mini_plus_localization/hook/cmake_prefix_path.sh'
[2.749s] Level 1:colcon.colcon_core.environment:checking '/home/pablolube/IROS26-LaRovernetta/ros2_ws_src/install/mini_plus_localization/lib'
[2.749s] Level 1:colcon.colcon_core.environment:checking '/home/pablolube/IROS26-LaRovernetta/ros2_ws_src/install/mini_plus_localization/bin'
[2.749s] Level 1:colcon.colcon_core.environment:checking '/home/pablolube/IROS26-LaRovernetta/ros2_ws_src/install/mini_plus_localization/lib/pkgconfig/mini_plus_localization.pc'
[2.749s] Level 1:colcon.colcon_core.environment:checking '/home/pablolube/IROS26-LaRovernetta/ros2_ws_src/install/mini_plus_localization/lib/python3.10/site-packages'
[2.750s] Level 1:colcon.colcon_core.environment:checking '/home/pablolube/IROS26-LaRovernetta/ros2_ws_src/install/mini_plus_localization/bin'
[2.750s] INFO:colcon.colcon_core.shell:Creating package script '/home/pablolube/IROS26-LaRovernetta/ros2_ws_src/install/mini_plus_localization/share/mini_plus_localization/package.ps1'
[2.750s] INFO:colcon.colcon_core.shell:Creating package descriptor '/home/pablolube/IROS26-LaRovernetta/ros2_ws_src/install/mini_plus_localization/share/mini_plus_localization/package.dsv'
[2.751s] INFO:colcon.colcon_core.shell:Creating package script '/home/pablolube/IROS26-LaRovernetta/ros2_ws_src/install/mini_plus_localization/share/mini_plus_localization/package.sh'
[2.751s] INFO:colcon.colcon_core.shell:Creating package script '/home/pablolube/IROS26-LaRovernetta/ros2_ws_src/install/mini_plus_localization/share/mini_plus_localization/package.bash'
[2.752s] INFO:colcon.colcon_core.shell:Creating package script '/home/pablolube/IROS26-LaRovernetta/ros2_ws_src/install/mini_plus_localization/share/mini_plus_localization/package.zsh'
[2.752s] Level 1:colcon.colcon_core.environment:create_file_with_runtime_dependencies(/home/pablolube/IROS26-LaRovernetta/ros2_ws_src/install/mini_plus_localization/share/colcon-core/packages/mini_plus_localization)
[2.752s] DEBUG:colcon.colcon_parallel_executor.executor.parallel:closing loop
[2.753s] DEBUG:colcon.colcon_parallel_executor.executor.parallel:loop closed
[2.753s] DEBUG:colcon.colcon_parallel_executor.executor.parallel:run_until_complete finished with '0'
[2.753s] DEBUG:colcon.colcon_core.event_reactor:joining thread
[2.796s] INFO:colcon.colcon_core.plugin_system:Skipping extension 'colcon_notification.desktop_notification.notify_send': Could not find 'notify-send'
[2.796s] INFO:colcon.colcon_core.plugin_system:Skipping extension 'colcon_notification.desktop_notification.terminal_notifier': Not used on non-Darwin systems
[2.796s] INFO:colcon.colcon_core.plugin_system:Skipping extension 'colcon_notification.desktop_notification.win32': Not used on non-Windows systems
[2.796s] INFO:colcon.colcon_notification.desktop_notification:Sending desktop notification using 'notify2'
[2.796s] DEBUG:colcon.colcon_notification.desktop_notification.notify2:Failed to initialize notify2: org.freedesktop.DBus.Error.FileNotFound: Failed to connect to socket /run/user/1000/bus: No such file or directory
[2.797s] DEBUG:colcon.colcon_core.event_reactor:joined thread
[2.797s] INFO:colcon.colcon_core.shell:Creating prefix script '/home/pablolube/IROS26-LaRovernetta/ros2_ws_src/install/local_setup.ps1'
[2.798s] INFO:colcon.colcon_core.shell:Creating prefix util module '/home/pablolube/IROS26-LaRovernetta/ros2_ws_src/install/_local_setup_util_ps1.py'
[2.799s] INFO:colcon.colcon_core.shell:Creating prefix chain script '/home/pablolube/IROS26-LaRovernetta/ros2_ws_src/install/setup.ps1'
[2.799s] INFO:colcon.colcon_core.shell:Creating prefix script '/home/pablolube/IROS26-LaRovernetta/ros2_ws_src/install/local_setup.sh'
[2.800s] INFO:colcon.colcon_core.shell:Creating prefix util module '/home/pablolube/IROS26-LaRovernetta/ros2_ws_src/install/_local_setup_util_sh.py'
[2.800s] INFO:colcon.colcon_core.shell:Creating prefix chain script '/home/pablolube/IROS26-LaRovernetta/ros2_ws_src/install/setup.sh'
[2.801s] INFO:colcon.colcon_core.shell:Creating prefix script '/home/pablolube/IROS26-LaRovernetta/ros2_ws_src/install/local_setup.bash'
[2.801s] INFO:colcon.colcon_core.shell:Creating prefix chain script '/home/pablolube/IROS26-LaRovernetta/ros2_ws_src/install/setup.bash'
[2.802s] INFO:colcon.colcon_core.shell:Creating prefix script '/home/pablolube/IROS26-LaRovernetta/ros2_ws_src/install/local_setup.zsh'
[2.802s] INFO:colcon.colcon_core.shell:Creating prefix chain script '/home/pablolube/IROS26-LaRovernetta/ros2_ws_src/install/setup.zsh'
