-- The C compiler identification is GNU 11.4.0
-- The CXX compiler identification is GNU 11.4.0
-- Detecting C compiler ABI info
-- Detecting C compiler ABI info - done
-- Check for working C compiler: /usr/bin/cc - skipped
-- Detecting C compile features
-- Detecting C compile features - done
-- Detecting CXX compiler ABI info
-- Detecting CXX compiler ABI info - done
-- Check for working CXX compiler: /usr/bin/c++ - skipped
-- Detecting CXX compile features
-- Detecting CXX compile features - done
-- Found ament_cmake: 1.3.14 (/opt/ros/humble/share/ament_cmake/cmake)
-- Found Python3: /usr/bin/python3 (found version "3.10.12") found components: Interpreter 
-- Found rclcpp: 16.0.19 (/opt/ros/humble/share/rclcpp/cmake)
-- Found rosidl_generator_c: 3.1.9 (/opt/ros/humble/share/rosidl_generator_c/cmake)
-- Found rosidl_adapter: 3.1.9 (/opt/ros/humble/share/rosidl_adapter/cmake)
-- Found rosidl_generator_cpp: 3.1.9 (/opt/ros/humble/share/rosidl_generator_cpp/cmake)
-- Using all available rosidl_typesupport_c: rosidl_typesupport_fastrtps_c;rosidl_typesupport_introspection_c
-- Using all available rosidl_typesupport_cpp: rosidl_typesupport_fastrtps_cpp;rosidl_typesupport_introspection_cpp
-- Found rmw_implementation_cmake: 6.1.3 (/opt/ros/humble/share/rmw_implementation_cmake/cmake)
-- Found rmw_fastrtps_cpp: 6.2.10 (/opt/ros/humble/share/rmw_fastrtps_cpp/cmake)
-- Found OpenSSL: /usr/lib/x86_64-linux-gnu/libcrypto.so (found version "3.0.2")  
-- Found FastRTPS: /opt/ros/humble/include  
-- Using RMW implementation 'rmw_fastrtps_cpp' as default
-- Looking for pthread.h
-- Looking for pthread.h - found
-- Performing Test CMAKE_HAVE_LIBC_PTHREAD
-- Performing Test CMAKE_HAVE_LIBC_PTHREAD - Success
-- Found Threads: TRUE  
-- Found robot_localization: 3.5.4 (/opt/ros/humble/share/robot_localization/cmake)
-- Found cv_bridge: 3.2.1 (/opt/ros/humble/share/cv_bridge/cmake)
-- Found ament_lint_auto: 0.12.15 (/opt/ros/humble/share/ament_lint_auto/cmake)
-- Added test 'flake8' to check Python code syntax and style conventions
-- Added test 'lint_cmake' to check CMake code style
-- Added test 'pep257' to check Python code against some of the docstring style conventions in PEP 257
-- Added test 'xmllint' to check XML markup files
-- Configuring done
-- Generating done
-- Build files have been written to: /home/pablolube/IROS26-LaRovernetta/ros2_ws_src/build/mini_plus_localization
-- Install configuration: ""
-- Installing: /home/pablolube/IROS26-LaRovernetta/ros2_ws_src/install/mini_plus_localization/share/mini_plus_localization/config
-- Installing: /home/pablolube/IROS26-LaRovernetta/ros2_ws_src/install/mini_plus_localization/share/mini_plus_localization/config/datum_resolved.yaml
-- Installing: /home/pablolube/IROS26-LaRovernetta/ros2_ws_src/install/mini_plus_localization/share/mini_plus_localization/config/ekf.yaml
-- Installing: /home/pablolube/IROS26-LaRovernetta/ros2_ws_src/install/mini_plus_localization/share/mini_plus_localization/launch
-- Installing: /home/pablolube/IROS26-LaRovernetta/ros2_ws_src/install/mini_plus_localization/share/mini_plus_localization/launch/ekf.launch.py
-- Installing: /home/pablolube/IROS26-LaRovernetta/ros2_ws_src/install/mini_plus_localization/share/mini_plus_localization/urdf
-- Installing: /home/pablolube/IROS26-LaRovernetta/ros2_ws_src/install/mini_plus_localization/share/mini_plus_localization/urdf/mini_plus.urdf
-- Installing: /home/pablolube/IROS26-LaRovernetta/ros2_ws_src/install/mini_plus_localization/share/mini_plus_localization/worlds
-- Installing: /home/pablolube/IROS26-LaRovernetta/ros2_ws_src/install/mini_plus_localization/share/mini_plus_localization/worlds/test_track.world
-- Installing: /home/pablolube/IROS26-LaRovernetta/ros2_ws_src/install/mini_plus_localization/lib/mini_plus_localization/ekf_heading_bridge.py
-- Installing: /home/pablolube/IROS26-LaRovernetta/ros2_ws_src/install/mini_plus_localization/lib/mini_plus_localization/gps_course_heading_bridge.py
-- Installing: /home/pablolube/IROS26-LaRovernetta/ros2_ws_src/install/mini_plus_localization/lib/mini_plus_localization/udp_heading_exporter.py
-- Installing: /home/pablolube/IROS26-LaRovernetta/ros2_ws_src/install/mini_plus_localization/share/ament_index/resource_index/package_run_dependencies/mini_plus_localization
-- Installing: /home/pablolube/IROS26-LaRovernetta/ros2_ws_src/install/mini_plus_localization/share/ament_index/resource_index/parent_prefix_path/mini_plus_localization
-- Installing: /home/pablolube/IROS26-LaRovernetta/ros2_ws_src/install/mini_plus_localization/share/mini_plus_localization/environment/ament_prefix_path.sh
-- Installing: /home/pablolube/IROS26-LaRovernetta/ros2_ws_src/install/mini_plus_localization/share/mini_plus_localization/environment/ament_prefix_path.dsv
-- Installing: /home/pablolube/IROS26-LaRovernetta/ros2_ws_src/install/mini_plus_localization/share/mini_plus_localization/environment/path.sh
-- Installing: /home/pablolube/IROS26-LaRovernetta/ros2_ws_src/install/mini_plus_localization/share/mini_plus_localization/environment/path.dsv
-- Installing: /home/pablolube/IROS26-LaRovernetta/ros2_ws_src/install/mini_plus_localization/share/mini_plus_localization/local_setup.bash
-- Installing: /home/pablolube/IROS26-LaRovernetta/ros2_ws_src/install/mini_plus_localization/share/mini_plus_localization/local_setup.sh
-- Installing: /home/pablolube/IROS26-LaRovernetta/ros2_ws_src/install/mini_plus_localization/share/mini_plus_localization/local_setup.zsh
-- Installing: /home/pablolube/IROS26-LaRovernetta/ros2_ws_src/install/mini_plus_localization/share/mini_plus_localization/local_setup.dsv
-- Installing: /home/pablolube/IROS26-LaRovernetta/ros2_ws_src/install/mini_plus_localization/share/mini_plus_localization/package.dsv
-- Installing: /home/pablolube/IROS26-LaRovernetta/ros2_ws_src/install/mini_plus_localization/share/ament_index/resource_index/packages/mini_plus_localization
-- Installing: /home/pablolube/IROS26-LaRovernetta/ros2_ws_src/install/mini_plus_localization/share/mini_plus_localization/cmake/mini_plus_localizationConfig.cmake
-- Installing: /home/pablolube/IROS26-LaRovernetta/ros2_ws_src/install/mini_plus_localization/share/mini_plus_localization/cmake/mini_plus_localizationConfig-version.cmake
-- Installing: /home/pablolube/IROS26-LaRovernetta/ros2_ws_src/install/mini_plus_localization/share/mini_plus_localization/package.xml
