[0.462s] Invoking command in '/home/pablolube/IROS26-LaRovernetta/ros2_ws_src/build/mini_plus_localization': CMAKE_PREFIX_PATH=/opt/ros/humble /usr/bin/cmake /home/pablolube/IROS26-LaRovernetta/ros2_ws_src/mini_plus_localization -DCMAKE_INSTALL_PREFIX=/home/pablolube/IROS26-LaRovernetta/ros2_ws_src/install/mini_plus_localization
[0.603s] -- The C compiler identification is GNU 11.4.0
[1.114s] -- The CXX compiler identification is GNU 11.4.0
[1.496s] -- Detecting C compiler ABI info
[1.631s] -- Detecting C compiler ABI info - done
[1.636s] -- Check for working C compiler: /usr/bin/cc - skipped
[1.637s] -- Detecting C compile features
[1.637s] -- Detecting C compile features - done
[1.639s] -- Detecting CXX compiler ABI info
[1.768s] -- Detecting CXX compiler ABI info - done
[1.773s] -- Check for working CXX compiler: /usr/bin/c++ - skipped
[1.773s] -- Detecting CXX compile features
[1.774s] -- Detecting CXX compile features - done
[1.776s] -- Found ament_cmake: 1.3.14 (/opt/ros/humble/share/ament_cmake/cmake)
[2.148s] -- Found Python3: /home/pablolube/IROS26-LaRovernetta/genie/.venv/bin/python3 (found version "3.10.12") found components: Interpreter 
[2.225s] -- Found ament_lint_auto: 0.12.15 (/opt/ros/humble/share/ament_lint_auto/cmake)
[2.313s] -- Added test 'flake8' to check Python code syntax and style conventions
[2.314s] -- Added test 'lint_cmake' to check CMake code style
[2.315s] -- Added test 'pep257' to check Python code against some of the docstring style conventions in PEP 257
[2.317s] -- Added test 'xmllint' to check XML markup files
[2.319s] -- Configuring done
[2.325s] -- Generating done
[2.326s] -- Build files have been written to: /home/pablolube/IROS26-LaRovernetta/ros2_ws_src/build/mini_plus_localization
[2.331s] Invoked command in '/home/pablolube/IROS26-LaRovernetta/ros2_ws_src/build/mini_plus_localization' returned '0': CMAKE_PREFIX_PATH=/opt/ros/humble /usr/bin/cmake /home/pablolube/IROS26-LaRovernetta/ros2_ws_src/mini_plus_localization -DCMAKE_INSTALL_PREFIX=/home/pablolube/IROS26-LaRovernetta/ros2_ws_src/install/mini_plus_localization
[2.332s] Invoking command in '/home/pablolube/IROS26-LaRovernetta/ros2_ws_src/build/mini_plus_localization': CMAKE_PREFIX_PATH=/opt/ros/humble /usr/bin/cmake --build /home/pablolube/IROS26-LaRovernetta/ros2_ws_src/build/mini_plus_localization -- -j16 -l16
[2.368s] Invoked command in '/home/pablolube/IROS26-LaRovernetta/ros2_ws_src/build/mini_plus_localization' returned '0': CMAKE_PREFIX_PATH=/opt/ros/humble /usr/bin/cmake --build /home/pablolube/IROS26-LaRovernetta/ros2_ws_src/build/mini_plus_localization -- -j16 -l16
[2.378s] Invoking command in '/home/pablolube/IROS26-LaRovernetta/ros2_ws_src/build/mini_plus_localization': CMAKE_PREFIX_PATH=/opt/ros/humble /usr/bin/cmake --install /home/pablolube/IROS26-LaRovernetta/ros2_ws_src/build/mini_plus_localization
[2.385s] -- Install configuration: ""
[2.385s] -- Installing: /home/pablolube/IROS26-LaRovernetta/ros2_ws_src/install/mini_plus_localization/share/mini_plus_localization/config
[2.386s] -- Installing: /home/pablolube/IROS26-LaRovernetta/ros2_ws_src/install/mini_plus_localization/share/mini_plus_localization/config/datum_resolved.yaml
[2.387s] -- Installing: /home/pablolube/IROS26-LaRovernetta/ros2_ws_src/install/mini_plus_localization/share/mini_plus_localization/config/ekf.yaml
[2.387s] -- Installing: /home/pablolube/IROS26-LaRovernetta/ros2_ws_src/install/mini_plus_localization/share/mini_plus_localization/launch
[2.387s] -- Installing: /home/pablolube/IROS26-LaRovernetta/ros2_ws_src/install/mini_plus_localization/share/mini_plus_localization/launch/ekf.launch.py
[2.388s] -- Installing: /home/pablolube/IROS26-LaRovernetta/ros2_ws_src/install/mini_plus_localization/share/mini_plus_localization/urdf
[2.388s] -- Installing: /home/pablolube/IROS26-LaRovernetta/ros2_ws_src/install/mini_plus_localization/share/mini_plus_localization/urdf/mini_plus.urdf
[2.388s] -- Installing: /home/pablolube/IROS26-LaRovernetta/ros2_ws_src/install/mini_plus_localization/share/mini_plus_localization/worlds
[2.389s] -- Installing: /home/pablolube/IROS26-LaRovernetta/ros2_ws_src/install/mini_plus_localization/share/mini_plus_localization/worlds/test_track.world
[2.390s] -- Installing: /home/pablolube/IROS26-LaRovernetta/ros2_ws_src/install/mini_plus_localization/lib/mini_plus_localization/ekf_heading_bridge.py
[2.390s] -- Installing: /home/pablolube/IROS26-LaRovernetta/ros2_ws_src/install/mini_plus_localization/lib/mini_plus_localization/gps_course_heading_bridge.py
[2.390s] -- Installing: /home/pablolube/IROS26-LaRovernetta/ros2_ws_src/install/mini_plus_localization/lib/mini_plus_localization/udp_heading_exporter.py
[2.392s] -- Installing: /home/pablolube/IROS26-LaRovernetta/ros2_ws_src/install/mini_plus_localization/share/ament_index/resource_index/package_run_dependencies/mini_plus_localization
[2.392s] -- Installing: /home/pablolube/IROS26-LaRovernetta/ros2_ws_src/install/mini_plus_localization/share/ament_index/resource_index/parent_prefix_path/mini_plus_localization
[2.393s] -- Installing: /home/pablolube/IROS26-LaRovernetta/ros2_ws_src/install/mini_plus_localization/share/mini_plus_localization/environment/ament_prefix_path.sh
[2.393s] -- Installing: /home/pablolube/IROS26-LaRovernetta/ros2_ws_src/install/mini_plus_localization/share/mini_plus_localization/environment/ament_prefix_path.dsv
[2.393s] -- Installing: /home/pablolube/IROS26-LaRovernetta/ros2_ws_src/install/mini_plus_localization/share/mini_plus_localization/environment/path.sh
[2.393s] -- Installing: /home/pablolube/IROS26-LaRovernetta/ros2_ws_src/install/mini_plus_localization/share/mini_plus_localization/environment/path.dsv
[2.394s] -- Installing: /home/pablolube/IROS26-LaRovernetta/ros2_ws_src/install/mini_plus_localization/share/mini_plus_localization/local_setup.bash
[2.394s] -- Installing: /home/pablolube/IROS26-LaRovernetta/ros2_ws_src/install/mini_plus_localization/share/mini_plus_localization/local_setup.sh
[2.394s] -- Installing: /home/pablolube/IROS26-LaRovernetta/ros2_ws_src/install/mini_plus_localization/share/mini_plus_localization/local_setup.zsh
[2.394s] -- Installing: /home/pablolube/IROS26-LaRovernetta/ros2_ws_src/install/mini_plus_localization/share/mini_plus_localization/local_setup.dsv
[2.394s] -- Installing: /home/pablolube/IROS26-LaRovernetta/ros2_ws_src/install/mini_plus_localization/share/mini_plus_localization/package.dsv
[2.395s] -- Installing: /home/pablolube/IROS26-LaRovernetta/ros2_ws_src/install/mini_plus_localization/share/ament_index/resource_index/packages/mini_plus_localization
[2.396s] -- Installing: /home/pablolube/IROS26-LaRovernetta/ros2_ws_src/install/mini_plus_localization/share/mini_plus_localization/cmake/mini_plus_localizationConfig.cmake
[2.396s] -- Installing: /home/pablolube/IROS26-LaRovernetta/ros2_ws_src/install/mini_plus_localization/share/mini_plus_localization/cmake/mini_plus_localizationConfig-version.cmake
[2.396s] -- Installing: /home/pablolube/IROS26-LaRovernetta/ros2_ws_src/install/mini_plus_localization/share/mini_plus_localization/package.xml
[2.398s] Invoked command in '/home/pablolube/IROS26-LaRovernetta/ros2_ws_src/build/mini_plus_localization' returned '0': CMAKE_PREFIX_PATH=/opt/ros/humble /usr/bin/cmake --install /home/pablolube/IROS26-LaRovernetta/ros2_ws_src/build/mini_plus_localization
