[0.089s] DEBUG:colcon:Command line arguments: ['/usr/bin/colcon', 'build']
[0.089s] DEBUG:colcon:Parsed command line arguments: Namespace(log_base=None, log_level=None, verb_name='build', build_base='build', install_base='install', merge_install=False, symlink_install=False, test_result_base=None, continue_on_error=False, executor='parallel', parallel_workers=16, event_handlers=None, ignore_user_meta=False, metas=['./colcon.meta'], base_paths=['.'], packages_ignore=None, packages_ignore_regex=None, paths=None, packages_up_to=None, packages_up_to_regex=None, packages_above=None, packages_above_and_dependencies=None, packages_above_depth=None, packages_select_by_dep=None, packages_skip_by_dep=None, packages_skip_up_to=None, packages_select_build_failed=False, packages_skip_build_finished=False, packages_select_test_failures=False, packages_skip_test_passed=False, packages_select=None, packages_skip=None, packages_select_regex=None, packages_skip_regex=None, packages_start=None, packages_end=None, allow_overriding=[], cmake_args=None, cmake_target=None, cmake_target_skip_unavailable=False, cmake_clean_cache=False, cmake_clean_first=False, cmake_force_configure=False, ament_cmake_args=None, catkin_cmake_args=None, catkin_skip_building_tests=False, verb_parser=<colcon_defaults.argument_parser.defaults.DefaultArgumentsDecorator object at 0x76f3fd127250>, verb_extension=<colcon_core.verb.build.BuildVerb object at 0x76f3fd126cb0>, main=<bound method BuildVerb.main of <colcon_core.verb.build.BuildVerb object at 0x76f3fd126cb0>>)
[0.217s] Level 1:colcon.colcon_core.package_discovery:discover_packages(colcon_meta) check parameters
[0.217s] Level 1:colcon.colcon_core.package_discovery:discover_packages(recursive) check parameters
[0.217s] Level 1:colcon.colcon_core.package_discovery:discover_packages(ignore) check parameters
[0.217s] Level 1:colcon.colcon_core.package_discovery:discover_packages(path) check parameters
[0.217s] Level 1:colcon.colcon_core.package_discovery:discover_packages(colcon_meta) discover
[0.217s] Level 1:colcon.colcon_core.package_discovery:discover_packages(recursive) discover
[0.217s] INFO:colcon.colcon_core.package_discovery:Crawling recursively for packages in '/home/pablolube/IROS26-LaRovernetta/ros2_ws_src'
[0.217s] Level 1:colcon.colcon_core.package_identification:_identify(.) by extensions ['ignore', 'ignore_ament_install']
[0.218s] Level 1:colcon.colcon_core.package_identification:_identify(.) by extension 'ignore'
[0.218s] Level 1:colcon.colcon_core.package_identification:_identify(.) by extension 'ignore_ament_install'
[0.218s] Level 1:colcon.colcon_core.package_identification:_identify(.) by extensions ['colcon_pkg']
[0.218s] Level 1:colcon.colcon_core.package_identification:_identify(.) by extension 'colcon_pkg'
[0.218s] Level 1:colcon.colcon_core.package_identification:_identify(.) by extensions ['colcon_meta']
[0.218s] Level 1:colcon.colcon_core.package_identification:_identify(.) by extension 'colcon_meta'
[0.218s] Level 1:colcon.colcon_core.package_identification:_identify(.) by extensions ['ros']
[0.218s] Level 1:colcon.colcon_core.package_identification:_identify(.) by extension 'ros'
[0.227s] Level 1:colcon.colcon_core.package_identification:_identify(.) by extensions ['cmake', 'python']
[0.227s] Level 1:colcon.colcon_core.package_identification:_identify(.) by extension 'cmake'
[0.227s] Level 1:colcon.colcon_core.package_identification:_identify(.) by extension 'python'
[0.227s] Level 1:colcon.colcon_core.package_identification:_identify(.) by extensions ['python_setup_py']
[0.227s] Level 1:colcon.colcon_core.package_identification:_identify(.) by extension 'python_setup_py'
[0.227s] Level 1:colcon.colcon_core.package_identification:_identify(build) by extensions ['ignore', 'ignore_ament_install']
[0.227s] Level 1:colcon.colcon_core.package_identification:_identify(build) by extension 'ignore'
[0.227s] Level 1:colcon.colcon_core.package_identification:_identify(build) ignored
[0.228s] Level 1:colcon.colcon_core.package_identification:_identify(earth_rovers_sdk) by extensions ['ignore', 'ignore_ament_install']
[0.228s] Level 1:colcon.colcon_core.package_identification:_identify(earth_rovers_sdk) by extension 'ignore'
[0.228s] Level 1:colcon.colcon_core.package_identification:_identify(earth_rovers_sdk) by extension 'ignore_ament_install'
[0.228s] Level 1:colcon.colcon_core.package_identification:_identify(earth_rovers_sdk) by extensions ['colcon_pkg']
[0.228s] Level 1:colcon.colcon_core.package_identification:_identify(earth_rovers_sdk) by extension 'colcon_pkg'
[0.228s] Level 1:colcon.colcon_core.package_identification:_identify(earth_rovers_sdk) by extensions ['colcon_meta']
[0.228s] Level 1:colcon.colcon_core.package_identification:_identify(earth_rovers_sdk) by extension 'colcon_meta'
[0.228s] Level 1:colcon.colcon_core.package_identification:_identify(earth_rovers_sdk) by extensions ['ros']
[0.228s] Level 1:colcon.colcon_core.package_identification:_identify(earth_rovers_sdk) by extension 'ros'
[0.230s] DEBUG:colcon.colcon_core.package_identification:Package 'earth_rovers_sdk' with type 'ros.ament_python' and name 'earth_rovers_sdk'
[0.230s] Level 1:colcon.colcon_core.package_identification:_identify(er_bringup) by extensions ['ignore', 'ignore_ament_install']
[0.230s] Level 1:colcon.colcon_core.package_identification:_identify(er_bringup) by extension 'ignore'
[0.230s] Level 1:colcon.colcon_core.package_identification:_identify(er_bringup) by extension 'ignore_ament_install'
[0.230s] Level 1:colcon.colcon_core.package_identification:_identify(er_bringup) by extensions ['colcon_pkg']
[0.230s] Level 1:colcon.colcon_core.package_identification:_identify(er_bringup) by extension 'colcon_pkg'
[0.231s] Level 1:colcon.colcon_core.package_identification:_identify(er_bringup) by extensions ['colcon_meta']
[0.231s] Level 1:colcon.colcon_core.package_identification:_identify(er_bringup) by extension 'colcon_meta'
[0.231s] Level 1:colcon.colcon_core.package_identification:_identify(er_bringup) by extensions ['ros']
[0.231s] Level 1:colcon.colcon_core.package_identification:_identify(er_bringup) by extension 'ros'
[0.231s] DEBUG:colcon.colcon_core.package_identification:Package 'er_bringup' with type 'ros.ament_python' and name 'er_bringup'
[0.231s] Level 1:colcon.colcon_core.package_identification:_identify(install) by extensions ['ignore', 'ignore_ament_install']
[0.231s] Level 1:colcon.colcon_core.package_identification:_identify(install) by extension 'ignore'
[0.231s] Level 1:colcon.colcon_core.package_identification:_identify(install) ignored
[0.232s] Level 1:colcon.colcon_core.package_identification:_identify(log) by extensions ['ignore', 'ignore_ament_install']
[0.232s] Level 1:colcon.colcon_core.package_identification:_identify(log) by extension 'ignore'
[0.232s] Level 1:colcon.colcon_core.package_identification:_identify(log) ignored
[0.232s] Level 1:colcon.colcon_core.package_identification:_identify(mini_plus_localization) by extensions ['ignore', 'ignore_ament_install']
[0.232s] Level 1:colcon.colcon_core.package_identification:_identify(mini_plus_localization) by extension 'ignore'
[0.232s] Level 1:colcon.colcon_core.package_identification:_identify(mini_plus_localization) by extension 'ignore_ament_install'
[0.232s] Level 1:colcon.colcon_core.package_identification:_identify(mini_plus_localization) by extensions ['colcon_pkg']
[0.232s] Level 1:colcon.colcon_core.package_identification:_identify(mini_plus_localization) by extension 'colcon_pkg'
[0.232s] Level 1:colcon.colcon_core.package_identification:_identify(mini_plus_localization) by extensions ['colcon_meta']
[0.232s] Level 1:colcon.colcon_core.package_identification:_identify(mini_plus_localization) by extension 'colcon_meta'
[0.232s] Level 1:colcon.colcon_core.package_identification:_identify(mini_plus_localization) by extensions ['ros']
[0.232s] Level 1:colcon.colcon_core.package_identification:_identify(mini_plus_localization) by extension 'ros'
[0.233s] DEBUG:colcon.colcon_core.package_identification:Package 'mini_plus_localization' with type 'ros.ament_cmake' and name 'mini_plus_localization'
[0.233s] Level 1:colcon.colcon_core.package_discovery:discover_packages(recursive) using defaults
[0.233s] Level 1:colcon.colcon_core.package_discovery:discover_packages(ignore) discover
[0.233s] Level 1:colcon.colcon_core.package_discovery:discover_packages(ignore) using defaults
[0.233s] Level 1:colcon.colcon_core.package_discovery:discover_packages(path) discover
[0.233s] Level 1:colcon.colcon_core.package_discovery:discover_packages(path) using defaults
[0.271s] Level 1:colcon.colcon_core.package_discovery:discover_packages(prefix_path) check parameters
[0.271s] Level 1:colcon.colcon_core.package_discovery:discover_packages(prefix_path) discover
[0.274s] DEBUG:colcon.colcon_installed_package_information.package_discovery:Found 352 installed packages in /opt/ros/humble
[0.275s] Level 1:colcon.colcon_core.package_discovery:discover_packages(prefix_path) using defaults
[0.312s] Level 5:colcon.colcon_core.verb:set package 'earth_rovers_sdk' build argument 'cmake_args' from command line to 'None'
[0.312s] Level 5:colcon.colcon_core.verb:set package 'earth_rovers_sdk' build argument 'cmake_target' from command line to 'None'
[0.312s] Level 5:colcon.colcon_core.verb:set package 'earth_rovers_sdk' build argument 'cmake_target_skip_unavailable' from command line to 'False'
[0.312s] Level 5:colcon.colcon_core.verb:set package 'earth_rovers_sdk' build argument 'cmake_clean_cache' from command line to 'False'
[0.312s] Level 5:colcon.colcon_core.verb:set package 'earth_rovers_sdk' build argument 'cmake_clean_first' from command line to 'False'
[0.312s] Level 5:colcon.colcon_core.verb:set package 'earth_rovers_sdk' build argument 'cmake_force_configure' from command line to 'False'
[0.312s] Level 5:colcon.colcon_core.verb:set package 'earth_rovers_sdk' build argument 'ament_cmake_args' from command line to 'None'
[0.312s] Level 5:colcon.colcon_core.verb:set package 'earth_rovers_sdk' build argument 'catkin_cmake_args' from command line to 'None'
[0.312s] Level 5:colcon.colcon_core.verb:set package 'earth_rovers_sdk' build argument 'catkin_skip_building_tests' from command line to 'False'
[0.312s] DEBUG:colcon.colcon_core.verb:Building package 'earth_rovers_sdk' with the following arguments: {'ament_cmake_args': None, 'build_base': '/home/pablolube/IROS26-LaRovernetta/ros2_ws_src/build/earth_rovers_sdk', 'catkin_cmake_args': None, 'catkin_skip_building_tests': False, 'cmake_args': None, 'cmake_clean_cache': False, 'cmake_clean_first': False, 'cmake_force_configure': False, 'cmake_target': None, 'cmake_target_skip_unavailable': False, 'install_base': '/home/pablolube/IROS26-LaRovernetta/ros2_ws_src/install/earth_rovers_sdk', 'merge_install': False, 'path': '/home/pablolube/IROS26-LaRovernetta/ros2_ws_src/earth_rovers_sdk', 'symlink_install': False, 'test_result_base': None}
[0.313s] Level 5:colcon.colcon_core.verb:set package 'er_bringup' build argument 'cmake_args' from command line to 'None'
[0.313s] Level 5:colcon.colcon_core.verb:set package 'er_bringup' build argument 'cmake_target' from command line to 'None'
[0.313s] Level 5:colcon.colcon_core.verb:set package 'er_bringup' build argument 'cmake_target_skip_unavailable' from command line to 'False'
[0.313s] Level 5:colcon.colcon_core.verb:set package 'er_bringup' build argument 'cmake_clean_cache' from command line to 'False'
[0.313s] Level 5:colcon.colcon_core.verb:set package 'er_bringup' build argument 'cmake_clean_first' from command line to 'False'
[0.313s] Level 5:colcon.colcon_core.verb:set package 'er_bringup' build argument 'cmake_force_configure' from command line to 'False'
[0.313s] Level 5:colcon.colcon_core.verb:set package 'er_bringup' build argument 'ament_cmake_args' from command line to 'None'
[0.313s] Level 5:colcon.colcon_core.verb:set package 'er_bringup' build argument 'catkin_cmake_args' from command line to 'None'
[0.313s] Level 5:colcon.colcon_core.verb:set package 'er_bringup' build argument 'catkin_skip_building_tests' from command line to 'False'
[0.313s] DEBUG:colcon.colcon_core.verb:Building package 'er_bringup' with the following arguments: {'ament_cmake_args': None, 'build_base': '/home/pablolube/IROS26-LaRovernetta/ros2_ws_src/build/er_bringup', 'catkin_cmake_args': None, 'catkin_skip_building_tests': False, 'cmake_args': None, 'cmake_clean_cache': False, 'cmake_clean_first': False, 'cmake_force_configure': False, 'cmake_target': None, 'cmake_target_skip_unavailable': False, 'install_base': '/home/pablolube/IROS26-LaRovernetta/ros2_ws_src/install/er_bringup', 'merge_install': False, 'path': '/home/pablolube/IROS26-LaRovernetta/ros2_ws_src/er_bringup', 'symlink_install': False, 'test_result_base': None}
[0.313s] Level 5:colcon.colcon_core.verb:set package 'mini_plus_localization' build argument 'cmake_args' from command line to 'None'
[0.313s] Level 5:colcon.colcon_core.verb:set package 'mini_plus_localization' build argument 'cmake_target' from command line to 'None'
[0.313s] Level 5:colcon.colcon_core.verb:set package 'mini_plus_localization' build argument 'cmake_target_skip_unavailable' from command line to 'False'
[0.314s] Level 5:colcon.colcon_core.verb:set package 'mini_plus_localization' build argument 'cmake_clean_cache' from command line to 'False'
[0.314s] Level 5:colcon.colcon_core.verb:set package 'mini_plus_localization' build argument 'cmake_clean_first' from command line to 'False'
[0.314s] Level 5:colcon.colcon_core.verb:set package 'mini_plus_localization' build argument 'cmake_force_configure' from command line to 'False'
[0.314s] Level 5:colcon.colcon_core.verb:set package 'mini_plus_localization' build argument 'ament_cmake_args' from command line to 'None'
[0.314s] Level 5:colcon.colcon_core.verb:set package 'mini_plus_localization' build argument 'catkin_cmake_args' from command line to 'None'
[0.314s] Level 5:colcon.colcon_core.verb:set package 'mini_plus_localization' build argument 'catkin_skip_building_tests' from command line to 'False'
[0.314s] DEBUG:colcon.colcon_core.verb:Building package 'mini_plus_localization' with the following arguments: {'ament_cmake_args': None, 'build_base': '/home/pablolube/IROS26-LaRovernetta/ros2_ws_src/build/mini_plus_localization', 'catkin_cmake_args': None, 'catkin_skip_building_tests': False, 'cmake_args': None, 'cmake_clean_cache': False, 'cmake_clean_first': False, 'cmake_force_configure': False, 'cmake_target': None, 'cmake_target_skip_unavailable': False, 'install_base': '/home/pablolube/IROS26-LaRovernetta/ros2_ws_src/install/mini_plus_localization', 'merge_install': False, 'path': '/home/pablolube/IROS26-LaRovernetta/ros2_ws_src/mini_plus_localization', 'symlink_install': False, 'test_result_base': None}
[0.314s] INFO:colcon.colcon_core.executor:Executing jobs using 'parallel' executor
[0.315s] DEBUG:colcon.colcon_parallel_executor.executor.parallel:run_until_complete
[0.315s] INFO:colcon.colcon_ros.task.ament_python.build:Building ROS package in '/home/pablolube/IROS26-LaRovernetta/ros2_ws_src/earth_rovers_sdk' with build type 'ament_python'
[0.315s] Level 1:colcon.colcon_core.shell:create_environment_hook('earth_rovers_sdk', 'ament_prefix_path')
[0.317s] INFO:colcon.colcon_core.plugin_system:Skipping extension 'colcon_core.shell.bat': Not used on non-Windows systems
[0.318s] INFO:colcon.colcon_core.shell:Creating environment hook '/home/pablolube/IROS26-LaRovernetta/ros2_ws_src/install/earth_rovers_sdk/share/earth_rovers_sdk/hook/ament_prefix_path.ps1'
[0.320s] INFO:colcon.colcon_core.shell:Creating environment descriptor '/home/pablolube/IROS26-LaRovernetta/ros2_ws_src/install/earth_rovers_sdk/share/earth_rovers_sdk/hook/ament_prefix_path.dsv'
[0.320s] INFO:colcon.colcon_core.shell:Creating environment hook '/home/pablolube/IROS26-LaRovernetta/ros2_ws_src/install/earth_rovers_sdk/share/earth_rovers_sdk/hook/ament_prefix_path.sh'
[0.321s] INFO:colcon.colcon_core.shell:Skip shell extension 'powershell' for command environment: Not usable outside of PowerShell
[0.321s] DEBUG:colcon.colcon_core.shell:Skip shell extension 'dsv' for command environment
[0.324s] INFO:colcon.colcon_ros.task.ament_python.build:Building ROS package in '/home/pablolube/IROS26-LaRovernetta/ros2_ws_src/er_bringup' with build type 'ament_python'
[0.324s] Level 1:colcon.colcon_core.shell:create_environment_hook('er_bringup', 'ament_prefix_path')
[0.324s] INFO:colcon.colcon_core.shell:Creating environment hook '/home/pablolube/IROS26-LaRovernetta/ros2_ws_src/install/er_bringup/share/er_bringup/hook/ament_prefix_path.ps1'
[0.326s] INFO:colcon.colcon_core.shell:Creating environment descriptor '/home/pablolube/IROS26-LaRovernetta/ros2_ws_src/install/er_bringup/share/er_bringup/hook/ament_prefix_path.dsv'
[0.326s] INFO:colcon.colcon_core.shell:Creating environment hook '/home/pablolube/IROS26-LaRovernetta/ros2_ws_src/install/er_bringup/share/er_bringup/hook/ament_prefix_path.sh'
[0.327s] INFO:colcon.colcon_core.shell:Skip shell extension 'powershell' for command environment: Not usable outside of PowerShell
[0.327s] DEBUG:colcon.colcon_core.shell:Skip shell extension 'dsv' for command environment
[0.330s] INFO:colcon.colcon_ros.task.ament_cmake.build:Building ROS package in '/home/pablolube/IROS26-LaRovernetta/ros2_ws_src/mini_plus_localization' with build type 'ament_cmake'
[0.330s] INFO:colcon.colcon_cmake.task.cmake.build:Building CMake package in '/home/pablolube/IROS26-LaRovernetta/ros2_ws_src/mini_plus_localization'
[0.330s] INFO:colcon.colcon_core.shell:Skip shell extension 'powershell' for command environment: Not usable outside of PowerShell
[0.330s] DEBUG:colcon.colcon_core.shell:Skip shell extension 'dsv' for command environment
[0.334s] WARNING:colcon.colcon_ros.task.ament_python.build:Package 'earth_rovers_sdk' doesn't explicitly install a marker in the package index (colcon-ros currently does it implicitly but that fallback will be removed in the future)
[0.335s] WARNING:colcon.colcon_ros.task.ament_python.build:Package 'earth_rovers_sdk' doesn't explicitly install the 'package.xml' file (colcon-ros currently does it implicitly but that fallback will be removed in the future)
[0.335s] INFO:colcon.colcon_core.task.python.build:Building Python package in '/home/pablolube/IROS26-LaRovernetta/ros2_ws_src/earth_rovers_sdk'
[0.336s] INFO:colcon.colcon_core.shell:Skip shell extension 'powershell' for command environment: Not usable outside of PowerShell
[0.336s] DEBUG:colcon.colcon_core.shell:Skip shell extension 'dsv' for command environment
[0.562s] INFO:colcon.colcon_core.task.python.build:Building Python package in '/home/pablolube/IROS26-LaRovernetta/ros2_ws_src/er_bringup'
[0.562s] INFO:colcon.colcon_core.shell:Skip shell extension 'powershell' for command environment: Not usable outside of PowerShell
[0.562s] DEBUG:colcon.colcon_core.shell:Skip shell extension 'dsv' for command environment
[0.570s] DEBUG:colcon.colcon_core.event_handler.log_command:Invoking command in '/home/pablolube/IROS26-LaRovernetta/ros2_ws_src/build/mini_plus_localization': CMAKE_PREFIX_PATH=/opt/ros/humble /usr/bin/cmake /home/pablolube/IROS26-LaRovernetta/ros2_ws_src/mini_plus_localization -DCMAKE_INSTALL_PREFIX=/home/pablolube/IROS26-LaRovernetta/ros2_ws_src/install/mini_plus_localization
[0.887s] DEBUG:colcon.colcon_core.task.python.build:Available setuptools commands: build_py, bdist, install_lib, alias, build_clib, register, saveopts, install_scripts, symlink_data, install, upload_docs, sdist, bdist_dumb, build, upload, test, bdist_wheel, extract_messages, develop, build_scripts, rotate, bdist_rpm, check, install_headers, bdist_egg, install_egg_info, clean, init_catalog, egg_info, update_catalog, build_ext, easy_install, compile_catalog, dist_info, install_data, setopt
[0.889s] DEBUG:colcon.colcon_core.task.python.build:Available setuptools commands: build_py, bdist, install_lib, alias, build_clib, register, saveopts, install_scripts, symlink_data, install, upload_docs, sdist, bdist_dumb, build, upload, test, bdist_wheel, extract_messages, develop, build_scripts, rotate, bdist_rpm, check, install_headers, bdist_egg, install_egg_info, clean, init_catalog, egg_info, update_catalog, build_ext, easy_install, compile_catalog, dist_info, install_data, setopt
[0.892s] DEBUG:colcon.colcon_core.event_handler.log_command:Invoking command in '/home/pablolube/IROS26-LaRovernetta/ros2_ws_src/earth_rovers_sdk': PYTHONPATH=/home/pablolube/IROS26-LaRovernetta/ros2_ws_src/build/earth_rovers_sdk/prefix_override:/usr/lib/python3/dist-packages/colcon_core/task/python/colcon_distutils_commands:/home/pablolube/IROS26-LaRovernetta/ros2_ws_src/install/earth_rovers_sdk/lib/python3.10/site-packages:${PYTHONPATH} /usr/bin/python3 -W ignore:setup.py install is deprecated -W ignore:easy_install command is deprecated setup.py egg_info --egg-base ../build/earth_rovers_sdk build --build-base /home/pablolube/IROS26-LaRovernetta/ros2_ws_src/build/earth_rovers_sdk/build install --record /home/pablolube/IROS26-LaRovernetta/ros2_ws_src/build/earth_rovers_sdk/install.log --install-scripts $base/lib/earth_rovers_sdk --single-version-externally-managed
[0.893s] DEBUG:colcon.colcon_core.event_handler.log_command:Invoking command in '/home/pablolube/IROS26-LaRovernetta/ros2_ws_src/er_bringup': PYTHONPATH=/home/pablolube/IROS26-LaRovernetta/ros2_ws_src/build/er_bringup/prefix_override:/usr/lib/python3/dist-packages/colcon_core/task/python/colcon_distutils_commands:/home/pablolube/IROS26-LaRovernetta/ros2_ws_src/install/er_bringup/lib/python3.10/site-packages:${PYTHONPATH} /usr/bin/python3 -W ignore:setup.py install is deprecated -W ignore:easy_install command is deprecated setup.py egg_info --egg-base ../build/er_bringup build --build-base /home/pablolube/IROS26-LaRovernetta/ros2_ws_src/build/er_bringup/build install --record /home/pablolube/IROS26-LaRovernetta/ros2_ws_src/build/er_bringup/install.log --install-scripts $base/lib/er_bringup --single-version-externally-managed install_data
[1.153s] DEBUG:colcon.colcon_core.event_handler.log_command:Invoked command in '/home/pablolube/IROS26-LaRovernetta/ros2_ws_src/earth_rovers_sdk' returned '0': PYTHONPATH=/home/pablolube/IROS26-LaRovernetta/ros2_ws_src/build/earth_rovers_sdk/prefix_override:/usr/lib/python3/dist-packages/colcon_core/task/python/colcon_distutils_commands:/home/pablolube/IROS26-LaRovernetta/ros2_ws_src/install/earth_rovers_sdk/lib/python3.10/site-packages:${PYTHONPATH} /usr/bin/python3 -W ignore:setup.py install is deprecated -W ignore:easy_install command is deprecated setup.py egg_info --egg-base ../build/earth_rovers_sdk build --build-base /home/pablolube/IROS26-LaRovernetta/ros2_ws_src/build/earth_rovers_sdk/build install --record /home/pablolube/IROS26-LaRovernetta/ros2_ws_src/build/earth_rovers_sdk/install.log --install-scripts $base/lib/earth_rovers_sdk --single-version-externally-managed
[1.155s] Level 1:colcon.colcon_core.environment:checking '/home/pablolube/IROS26-LaRovernetta/ros2_ws_src/install/earth_rovers_sdk' for CMake module files
[1.155s] Level 1:colcon.colcon_core.environment:checking '/home/pablolube/IROS26-LaRovernetta/ros2_ws_src/install/earth_rovers_sdk' for CMake config files
[1.156s] Level 1:colcon.colcon_core.environment:checking '/home/pablolube/IROS26-LaRovernetta/ros2_ws_src/install/earth_rovers_sdk/lib'
[1.156s] Level 1:colcon.colcon_core.environment:checking '/home/pablolube/IROS26-LaRovernetta/ros2_ws_src/install/earth_rovers_sdk/bin'
[1.156s] Level 1:colcon.colcon_core.environment:checking '/home/pablolube/IROS26-LaRovernetta/ros2_ws_src/install/earth_rovers_sdk/lib/pkgconfig/earth_rovers_sdk.pc'
[1.156s] Level 1:colcon.colcon_core.environment:checking '/home/pablolube/IROS26-LaRovernetta/ros2_ws_src/install/earth_rovers_sdk/lib/python3.10/site-packages'
[1.157s] Level 1:colcon.colcon_core.shell:create_environment_hook('earth_rovers_sdk', 'pythonpath')
[1.157s] INFO:colcon.colcon_core.shell:Creating environment hook '/home/pablolube/IROS26-LaRovernetta/ros2_ws_src/install/earth_rovers_sdk/share/earth_rovers_sdk/hook/pythonpath.ps1'
[1.157s] INFO:colcon.colcon_core.shell:Creating environment descriptor '/home/pablolube/IROS26-LaRovernetta/ros2_ws_src/install/earth_rovers_sdk/share/earth_rovers_sdk/hook/pythonpath.dsv'
[1.158s] INFO:colcon.colcon_core.shell:Creating environment hook '/home/pablolube/IROS26-LaRovernetta/ros2_ws_src/install/earth_rovers_sdk/share/earth_rovers_sdk/hook/pythonpath.sh'
[1.158s] Level 1:colcon.colcon_core.environment:checking '/home/pablolube/IROS26-LaRovernetta/ros2_ws_src/install/earth_rovers_sdk/bin'
[1.158s] Level 1:colcon.colcon_core.environment:create_environment_scripts_only(earth_rovers_sdk)
[1.159s] INFO:colcon.colcon_core.shell:Creating package script '/home/pablolube/IROS26-LaRovernetta/ros2_ws_src/install/earth_rovers_sdk/share/earth_rovers_sdk/package.ps1'
[1.160s] INFO:colcon.colcon_core.shell:Creating package descriptor '/home/pablolube/IROS26-LaRovernetta/ros2_ws_src/install/earth_rovers_sdk/share/earth_rovers_sdk/package.dsv'
[1.160s] INFO:colcon.colcon_core.shell:Creating package script '/home/pablolube/IROS26-LaRovernetta/ros2_ws_src/install/earth_rovers_sdk/share/earth_rovers_sdk/package.sh'
[1.161s] INFO:colcon.colcon_core.shell:Creating package script '/home/pablolube/IROS26-LaRovernetta/ros2_ws_src/install/earth_rovers_sdk/share/earth_rovers_sdk/package.bash'
[1.161s] INFO:colcon.colcon_core.shell:Creating package script '/home/pablolube/IROS26-LaRovernetta/ros2_ws_src/install/earth_rovers_sdk/share/earth_rovers_sdk/package.zsh'
[1.162s] Level 1:colcon.colcon_core.environment:create_file_with_runtime_dependencies(/home/pablolube/IROS26-LaRovernetta/ros2_ws_src/install/earth_rovers_sdk/share/colcon-core/packages/earth_rovers_sdk)
[1.164s] Level 1:colcon.colcon_core.environment:checking '/home/pablolube/IROS26-LaRovernetta/ros2_ws_src/install/er_bringup' for CMake module files
[1.165s] DEBUG:colcon.colcon_core.event_handler.log_command:Invoked command in '/home/pablolube/IROS26-LaRovernetta/ros2_ws_src/er_bringup' returned '0': PYTHONPATH=/home/pablolube/IROS26-LaRovernetta/ros2_ws_src/build/er_bringup/prefix_override:/usr/lib/python3/dist-packages/colcon_core/task/python/colcon_distutils_commands:/home/pablolube/IROS26-LaRovernetta/ros2_ws_src/install/er_bringup/lib/python3.10/site-packages:${PYTHONPATH} /usr/bin/python3 -W ignore:setup.py install is deprecated -W ignore:easy_install command is deprecated setup.py egg_info --egg-base ../build/er_bringup build --build-base /home/pablolube/IROS26-LaRovernetta/ros2_ws_src/build/er_bringup/build install --record /home/pablolube/IROS26-LaRovernetta/ros2_ws_src/build/er_bringup/install.log --install-scripts $base/lib/er_bringup --single-version-externally-managed install_data
[1.165s] Level 1:colcon.colcon_core.environment:checking '/home/pablolube/IROS26-LaRovernetta/ros2_ws_src/install/er_bringup' for CMake config files
[1.166s] Level 1:colcon.colcon_core.environment:checking '/home/pablolube/IROS26-LaRovernetta/ros2_ws_src/install/er_bringup/lib'
[1.166s] Level 1:colcon.colcon_core.environment:checking '/home/pablolube/IROS26-LaRovernetta/ros2_ws_src/install/er_bringup/bin'
[1.166s] Level 1:colcon.colcon_core.environment:checking '/home/pablolube/IROS26-LaRovernetta/ros2_ws_src/install/er_bringup/lib/pkgconfig/er_bringup.pc'
[1.166s] Level 1:colcon.colcon_core.environment:checking '/home/pablolube/IROS26-LaRovernetta/ros2_ws_src/install/er_bringup/lib/python3.10/site-packages'
[1.166s] Level 1:colcon.colcon_core.shell:create_environment_hook('er_bringup', 'pythonpath')
[1.167s] INFO:colcon.colcon_core.shell:Creating environment hook '/home/pablolube/IROS26-LaRovernetta/ros2_ws_src/install/er_bringup/share/er_bringup/hook/pythonpath.ps1'
[1.167s] INFO:colcon.colcon_core.shell:Creating environment descriptor '/home/pablolube/IROS26-LaRovernetta/ros2_ws_src/install/er_bringup/share/er_bringup/hook/pythonpath.dsv'
[1.167s] INFO:colcon.colcon_core.shell:Creating environment hook '/home/pablolube/IROS26-LaRovernetta/ros2_ws_src/install/er_bringup/share/er_bringup/hook/pythonpath.sh'
[1.168s] Level 1:colcon.colcon_core.environment:checking '/home/pablolube/IROS26-LaRovernetta/ros2_ws_src/install/er_bringup/bin'
[1.168s] Level 1:colcon.colcon_core.environment:create_environment_scripts_only(er_bringup)
[1.168s] INFO:colcon.colcon_core.shell:Creating package script '/home/pablolube/IROS26-LaRovernetta/ros2_ws_src/install/er_bringup/share/er_bringup/package.ps1'
[1.169s] INFO:colcon.colcon_core.shell:Creating package descriptor '/home/pablolube/IROS26-LaRovernetta/ros2_ws_src/install/er_bringup/share/er_bringup/package.dsv'
[1.169s] INFO:colcon.colcon_core.shell:Creating package script '/home/pablolube/IROS26-LaRovernetta/ros2_ws_src/install/er_bringup/share/er_bringup/package.sh'
[1.169s] INFO:colcon.colcon_core.shell:Creating package script '/home/pablolube/IROS26-LaRovernetta/ros2_ws_src/install/er_bringup/share/er_bringup/package.bash'
[1.170s] INFO:colcon.colcon_core.shell:Creating package script '/home/pablolube/IROS26-LaRovernetta/ros2_ws_src/install/er_bringup/share/er_bringup/package.zsh'
[1.170s] Level 1:colcon.colcon_core.environment:create_file_with_runtime_dependencies(/home/pablolube/IROS26-LaRovernetta/ros2_ws_src/install/er_bringup/share/colcon-core/packages/er_bringup)
[1.636s] DEBUG:colcon.colcon_core.event_handler.log_command:Invoked command in '/home/pablolube/IROS26-LaRovernetta/ros2_ws_src/build/mini_plus_localization' returned '0': CMAKE_PREFIX_PATH=/opt/ros/humble /usr/bin/cmake /home/pablolube/IROS26-LaRovernetta/ros2_ws_src/mini_plus_localization -DCMAKE_INSTALL_PREFIX=/home/pablolube/IROS26-LaRovernetta/ros2_ws_src/install/mini_plus_localization
[1.638s] DEBUG:colcon.colcon_core.event_handler.log_command:Invoking command in '/home/pablolube/IROS26-LaRovernetta/ros2_ws_src/build/mini_plus_localization': CMAKE_PREFIX_PATH=/opt/ros/humble /usr/bin/cmake --build /home/pablolube/IROS26-LaRovernetta/ros2_ws_src/build/mini_plus_localization -- -j16 -l16
[1.675s] DEBUG:colcon.colcon_core.event_handler.log_command:Invoked command in '/home/pablolube/IROS26-LaRovernetta/ros2_ws_src/build/mini_plus_localization' returned '0': CMAKE_PREFIX_PATH=/opt/ros/humble /usr/bin/cmake --build /home/pablolube/IROS26-LaRovernetta/ros2_ws_src/build/mini_plus_localization -- -j16 -l16
[1.684s] DEBUG:colcon.colcon_core.event_handler.log_command:Invoking command in '/home/pablolube/IROS26-LaRovernetta/ros2_ws_src/build/mini_plus_localization': CMAKE_PREFIX_PATH=/opt/ros/humble /usr/bin/cmake --install /home/pablolube/IROS26-LaRovernetta/ros2_ws_src/build/mini_plus_localization
[1.703s] Level 1:colcon.colcon_core.environment:create_environment_scripts_only(mini_plus_localization)
[1.703s] Level 1:colcon.colcon_core.environment:checking '/home/pablolube/IROS26-LaRovernetta/ros2_ws_src/install/mini_plus_localization' for CMake module files
[1.704s] DEBUG:colcon.colcon_core.event_handler.log_command:Invoked command in '/home/pablolube/IROS26-LaRovernetta/ros2_ws_src/build/mini_plus_localization' returned '0': CMAKE_PREFIX_PATH=/opt/ros/humble /usr/bin/cmake --install /home/pablolube/IROS26-LaRovernetta/ros2_ws_src/build/mini_plus_localization
[1.704s] Level 1:colcon.colcon_core.environment:checking '/home/pablolube/IROS26-LaRovernetta/ros2_ws_src/install/mini_plus_localization' for CMake config files
[1.704s] Level 1:colcon.colcon_core.shell:create_environment_hook('mini_plus_localization', 'cmake_prefix_path')
[1.705s] INFO:colcon.colcon_core.shell:Creating environment hook '/home/pablolube/IROS26-LaRovernetta/ros2_ws_src/install/mini_plus_localization/share/mini_plus_localization/hook/cmake_prefix_path.ps1'
[1.705s] INFO:colcon.colcon_core.shell:Creating environment descriptor '/home/pablolube/IROS26-LaRovernetta/ros2_ws_src/install/mini_plus_localization/share/mini_plus_localization/hook/cmake_prefix_path.dsv'
[1.706s] INFO:colcon.colcon_core.shell:Creating environment hook '/home/pablolube/IROS26-LaRovernetta/ros2_ws_src/install/mini_plus_localization/share/mini_plus_localization/hook/cmake_prefix_path.sh'
[1.706s] Level 1:colcon.colcon_core.environment:checking '/home/pablolube/IROS26-LaRovernetta/ros2_ws_src/install/mini_plus_localization/lib'
[1.706s] Level 1:colcon.colcon_core.environment:checking '/home/pablolube/IROS26-LaRovernetta/ros2_ws_src/install/mini_plus_localization/bin'
[1.706s] Level 1:colcon.colcon_core.environment:checking '/home/pablolube/IROS26-LaRovernetta/ros2_ws_src/install/mini_plus_localization/lib/pkgconfig/mini_plus_localization.pc'
[1.707s] Level 1:colcon.colcon_core.environment:checking '/home/pablolube/IROS26-LaRovernetta/ros2_ws_src/install/mini_plus_localization/lib/python3.10/site-packages'
[1.707s] Level 1:colcon.colcon_core.environment:checking '/home/pablolube/IROS26-LaRovernetta/ros2_ws_src/install/mini_plus_localization/bin'
[1.707s] INFO:colcon.colcon_core.shell:Creating package script '/home/pablolube/IROS26-LaRovernetta/ros2_ws_src/install/mini_plus_localization/share/mini_plus_localization/package.ps1'
[1.708s] INFO:colcon.colcon_core.shell:Creating package descriptor '/home/pablolube/IROS26-LaRovernetta/ros2_ws_src/install/mini_plus_localization/share/mini_plus_localization/package.dsv'
[1.708s] INFO:colcon.colcon_core.shell:Creating package script '/home/pablolube/IROS26-LaRovernetta/ros2_ws_src/install/mini_plus_localization/share/mini_plus_localization/package.sh'
[1.708s] INFO:colcon.colcon_core.shell:Creating package script '/home/pablolube/IROS26-LaRovernetta/ros2_ws_src/install/mini_plus_localization/share/mini_plus_localization/package.bash'
[1.709s] INFO:colcon.colcon_core.shell:Creating package script '/home/pablolube/IROS26-LaRovernetta/ros2_ws_src/install/mini_plus_localization/share/mini_plus_localization/package.zsh'
[1.709s] Level 1:colcon.colcon_core.environment:create_file_with_runtime_dependencies(/home/pablolube/IROS26-LaRovernetta/ros2_ws_src/install/mini_plus_localization/share/colcon-core/packages/mini_plus_localization)
[1.710s] Level 1:colcon.colcon_core.environment:create_environment_scripts_only(mini_plus_localization)
[1.710s] Level 1:colcon.colcon_core.environment:checking '/home/pablolube/IROS26-LaRovernetta/ros2_ws_src/install/mini_plus_localization' for CMake module files
[1.711s] Level 1:colcon.colcon_core.environment:checking '/home/pablolube/IROS26-LaRovernetta/ros2_ws_src/install/mini_plus_localization' for CMake config files
[1.711s] Level 1:colcon.colcon_core.shell:create_environment_hook('mini_plus_localization', 'cmake_prefix_path')
[1.711s] INFO:colcon.colcon_core.shell:Creating environment hook '/home/pablolube/IROS26-LaRovernetta/ros2_ws_src/install/mini_plus_localization/share/mini_plus_localization/hook/cmake_prefix_path.ps1'
[1.711s] INFO:colcon.colcon_core.shell:Creating environment descriptor '/home/pablolube/IROS26-LaRovernetta/ros2_ws_src/install/mini_plus_localization/share/mini_plus_localization/hook/cmake_prefix_path.dsv'
[1.712s] INFO:colcon.colcon_core.shell:Creating environment hook '/home/pablolube/IROS26-LaRovernetta/ros2_ws_src/install/mini_plus_localization/share/mini_plus_localization/hook/cmake_prefix_path.sh'
[1.712s] Level 1:colcon.colcon_core.environment:checking '/home/pablolube/IROS26-LaRovernetta/ros2_ws_src/install/mini_plus_localization/lib'
[1.712s] Level 1:colcon.colcon_core.environment:checking '/home/pablolube/IROS26-LaRovernetta/ros2_ws_src/install/mini_plus_localization/bin'
[1.712s] Level 1:colcon.colcon_core.environment:checking '/home/pablolube/IROS26-LaRovernetta/ros2_ws_src/install/mini_plus_localization/lib/pkgconfig/mini_plus_localization.pc'
[1.712s] Level 1:colcon.colcon_core.environment:checking '/home/pablolube/IROS26-LaRovernetta/ros2_ws_src/install/mini_plus_localization/lib/python3.10/site-packages'
[1.713s] Level 1:colcon.colcon_core.environment:checking '/home/pablolube/IROS26-LaRovernetta/ros2_ws_src/install/mini_plus_localization/bin'
[1.713s] INFO:colcon.colcon_core.shell:Creating package script '/home/pablolube/IROS26-LaRovernetta/ros2_ws_src/install/mini_plus_localization/share/mini_plus_localization/package.ps1'
[1.714s] INFO:colcon.colcon_core.shell:Creating package descriptor '/home/pablolube/IROS26-LaRovernetta/ros2_ws_src/install/mini_plus_localization/share/mini_plus_localization/package.dsv'
[1.714s] INFO:colcon.colcon_core.shell:Creating package script '/home/pablolube/IROS26-LaRovernetta/ros2_ws_src/install/mini_plus_localization/share/mini_plus_localization/package.sh'
[1.714s] INFO:colcon.colcon_core.shell:Creating package script '/home/pablolube/IROS26-LaRovernetta/ros2_ws_src/install/mini_plus_localization/share/mini_plus_localization/package.bash'
[1.715s] INFO:colcon.colcon_core.shell:Creating package script '/home/pablolube/IROS26-LaRovernetta/ros2_ws_src/install/mini_plus_localization/share/mini_plus_localization/package.zsh'
[1.715s] Level 1:colcon.colcon_core.environment:create_file_with_runtime_dependencies(/home/pablolube/IROS26-LaRovernetta/ros2_ws_src/install/mini_plus_localization/share/colcon-core/packages/mini_plus_localization)
[1.716s] DEBUG:colcon.colcon_parallel_executor.executor.parallel:closing loop
[1.716s] DEBUG:colcon.colcon_parallel_executor.executor.parallel:loop closed
[1.716s] DEBUG:colcon.colcon_parallel_executor.executor.parallel:run_until_complete finished with '0'
[1.716s] DEBUG:colcon.colcon_core.event_reactor:joining thread
[1.721s] INFO:colcon.colcon_core.plugin_system:Skipping extension 'colcon_notification.desktop_notification.notify_send': Could not find 'notify-send'
[1.721s] INFO:colcon.colcon_core.plugin_system:Skipping extension 'colcon_notification.desktop_notification.terminal_notifier': Not used on non-Darwin systems
[1.721s] INFO:colcon.colcon_core.plugin_system:Skipping extension 'colcon_notification.desktop_notification.win32': Not used on non-Windows systems
[1.721s] INFO:colcon.colcon_notification.desktop_notification:Sending desktop notification using 'notify2'
[1.721s] DEBUG:colcon.colcon_notification.desktop_notification.notify2:Failed to initialize notify2: org.freedesktop.DBus.Error.NotSupported: Unable to autolaunch a dbus-daemon without a $DISPLAY for X11
[1.721s] DEBUG:colcon.colcon_core.event_reactor:joined thread
[1.721s] INFO:colcon.colcon_core.shell:Creating prefix script '/home/pablolube/IROS26-LaRovernetta/ros2_ws_src/install/local_setup.ps1'
[1.722s] INFO:colcon.colcon_core.shell:Creating prefix util module '/home/pablolube/IROS26-LaRovernetta/ros2_ws_src/install/_local_setup_util_ps1.py'
[1.723s] INFO:colcon.colcon_core.shell:Creating prefix chain script '/home/pablolube/IROS26-LaRovernetta/ros2_ws_src/install/setup.ps1'
[1.724s] INFO:colcon.colcon_core.shell:Creating prefix script '/home/pablolube/IROS26-LaRovernetta/ros2_ws_src/install/local_setup.sh'
[1.724s] INFO:colcon.colcon_core.shell:Creating prefix util module '/home/pablolube/IROS26-LaRovernetta/ros2_ws_src/install/_local_setup_util_sh.py'
[1.725s] INFO:colcon.colcon_core.shell:Creating prefix chain script '/home/pablolube/IROS26-LaRovernetta/ros2_ws_src/install/setup.sh'
[1.726s] INFO:colcon.colcon_core.shell:Creating prefix script '/home/pablolube/IROS26-LaRovernetta/ros2_ws_src/install/local_setup.bash'
[1.726s] INFO:colcon.colcon_core.shell:Creating prefix chain script '/home/pablolube/IROS26-LaRovernetta/ros2_ws_src/install/setup.bash'
[1.727s] INFO:colcon.colcon_core.shell:Creating prefix script '/home/pablolube/IROS26-LaRovernetta/ros2_ws_src/install/local_setup.zsh'
[1.727s] INFO:colcon.colcon_core.shell:Creating prefix chain script '/home/pablolube/IROS26-LaRovernetta/ros2_ws_src/install/setup.zsh'
