[0.569s] Invoking command in '/home/pablolube/IROS26-LaRovernetta/ros2_ws_src/er_bringup': PYTHONPATH=/home/pablolube/IROS26-LaRovernetta/ros2_ws_src/build/er_bringup/prefix_override:/usr/lib/python3/dist-packages/colcon_core/task/python/colcon_distutils_commands:/home/pablolube/IROS26-LaRovernetta/ros2_ws_src/install/er_bringup/lib/python3.10/site-packages:${PYTHONPATH} /usr/bin/python3 -W ignore:setup.py install is deprecated -W ignore:easy_install command is deprecated setup.py egg_info --egg-base ../build/er_bringup build --build-base /home/pablolube/IROS26-LaRovernetta/ros2_ws_src/build/er_bringup/build install --record /home/pablolube/IROS26-LaRovernetta/ros2_ws_src/build/er_bringup/install.log --install-scripts $base/lib/er_bringup --single-version-externally-managed install_data
[0.763s] running egg_info
[0.763s] creating ../build/er_bringup/er_bringup.egg-info
[0.763s] writing ../build/er_bringup/er_bringup.egg-info/PKG-INFO
[0.764s] writing dependency_links to ../build/er_bringup/er_bringup.egg-info/dependency_links.txt
[0.764s] writing entry points to ../build/er_bringup/er_bringup.egg-info/entry_points.txt
[0.764s] writing requirements to ../build/er_bringup/er_bringup.egg-info/requires.txt
[0.764s] writing top-level names to ../build/er_bringup/er_bringup.egg-info/top_level.txt
[0.764s] writing manifest file '../build/er_bringup/er_bringup.egg-info/SOURCES.txt'
[0.766s] reading manifest file '../build/er_bringup/er_bringup.egg-info/SOURCES.txt'
[0.766s] writing manifest file '../build/er_bringup/er_bringup.egg-info/SOURCES.txt'
[0.767s] running build
[0.767s] running build_py
[0.767s] creating /home/pablolube/IROS26-LaRovernetta/ros2_ws_src/build/er_bringup/build
[0.767s] creating /home/pablolube/IROS26-LaRovernetta/ros2_ws_src/build/er_bringup/build/lib
[0.767s] creating /home/pablolube/IROS26-LaRovernetta/ros2_ws_src/build/er_bringup/build/lib/er_bringup
[0.768s] copying er_bringup/__init__.py -> /home/pablolube/IROS26-LaRovernetta/ros2_ws_src/build/er_bringup/build/lib/er_bringup
[0.768s] running install
[0.768s] running install_lib
[0.769s] creating /home/pablolube/IROS26-LaRovernetta/ros2_ws_src/install/er_bringup/lib/python3.10/site-packages/er_bringup
[0.769s] copying /home/pablolube/IROS26-LaRovernetta/ros2_ws_src/build/er_bringup/build/lib/er_bringup/__init__.py -> /home/pablolube/IROS26-LaRovernetta/ros2_ws_src/install/er_bringup/lib/python3.10/site-packages/er_bringup
[0.770s] byte-compiling /home/pablolube/IROS26-LaRovernetta/ros2_ws_src/install/er_bringup/lib/python3.10/site-packages/er_bringup/__init__.py to __init__.cpython-310.pyc
[0.771s] running install_data
[0.771s] creating /home/pablolube/IROS26-LaRovernetta/ros2_ws_src/install/er_bringup/share/ament_index
[0.771s] creating /home/pablolube/IROS26-LaRovernetta/ros2_ws_src/install/er_bringup/share/ament_index/resource_index
[0.771s] creating /home/pablolube/IROS26-LaRovernetta/ros2_ws_src/install/er_bringup/share/ament_index/resource_index/packages
[0.772s] copying resource/er_bringup -> /home/pablolube/IROS26-LaRovernetta/ros2_ws_src/install/er_bringup/share/ament_index/resource_index/packages
[0.772s] copying package.xml -> /home/pablolube/IROS26-LaRovernetta/ros2_ws_src/install/er_bringup/share/er_bringup
[0.773s] creating /home/pablolube/IROS26-LaRovernetta/ros2_ws_src/install/er_bringup/share/er_bringup/launch
[0.773s] copying launch/localization_bypass.launch.py -> /home/pablolube/IROS26-LaRovernetta/ros2_ws_src/install/er_bringup/share/er_bringup/launch
[0.773s] copying launch/mission1.launch.py -> /home/pablolube/IROS26-LaRovernetta/ros2_ws_src/install/er_bringup/share/er_bringup/launch
[0.774s] copying launch/offline_pipeline_test.launch.py -> /home/pablolube/IROS26-LaRovernetta/ros2_ws_src/install/er_bringup/share/er_bringup/launch
[0.774s] copying launch/mission_manager.launch.py -> /home/pablolube/IROS26-LaRovernetta/ros2_ws_src/install/er_bringup/share/er_bringup/launch
[0.774s] running install_egg_info
[0.775s] Copying ../build/er_bringup/er_bringup.egg-info to /home/pablolube/IROS26-LaRovernetta/ros2_ws_src/install/er_bringup/lib/python3.10/site-packages/er_bringup-0.1.0-py3.10.egg-info
[0.777s] running install_scripts
[0.797s] writing list of installed files to '/home/pablolube/IROS26-LaRovernetta/ros2_ws_src/build/er_bringup/install.log'
[0.841s] Invoked command in '/home/pablolube/IROS26-LaRovernetta/ros2_ws_src/er_bringup' returned '0': PYTHONPATH=/home/pablolube/IROS26-LaRovernetta/ros2_ws_src/build/er_bringup/prefix_override:/usr/lib/python3/dist-packages/colcon_core/task/python/colcon_distutils_commands:/home/pablolube/IROS26-LaRovernetta/ros2_ws_src/install/er_bringup/lib/python3.10/site-packages:${PYTHONPATH} /usr/bin/python3 -W ignore:setup.py install is deprecated -W ignore:easy_install command is deprecated setup.py egg_info --egg-base ../build/er_bringup build --build-base /home/pablolube/IROS26-LaRovernetta/ros2_ws_src/build/er_bringup/build install --record /home/pablolube/IROS26-LaRovernetta/ros2_ws_src/build/er_bringup/install.log --install-scripts $base/lib/er_bringup --single-version-externally-managed install_data
